[0.064s] DEBUG:colcon:Command line arguments: ['/usr/bin/colcon', 'build', '--packages-select', 'inverse_orchestrator']
[0.064s] DEBUG:colcon:Parsed command line arguments: Namespace(log_base=None, log_level=None, verb_name='build', build_base='build', install_base='install', merge_install=False, symlink_install=False, test_result_base=None, continue_on_error=False, executor='parallel', parallel_workers=24, event_handlers=None, ignore_user_meta=False, metas=['./colcon.meta'], base_paths=['.'], packages_ignore=None, packages_ignore_regex=None, paths=None, packages_up_to=None, packages_up_to_regex=None, packages_above=None, packages_above_and_dependencies=None, packages_above_depth=None, packages_select_by_dep=None, packages_skip_by_dep=None, packages_skip_up_to=None, packages_select_build_failed=False, packages_skip_build_finished=False, packages_select_test_failures=False, packages_skip_test_passed=False, packages_select=['inverse_orchestrator'], packages_skip=None, packages_select_regex=None, packages_skip_regex=None, packages_start=None, packages_end=None, allow_overriding=[], cmake_args=None, cmake_target=None, cmake_target_skip_unavailable=False, cmake_clean_cache=False, cmake_clean_first=False, cmake_force_configure=False, ament_cmake_args=None, catkin_cmake_args=None, catkin_skip_building_tests=False, mixin_files=None, mixin=None, verb_parser=<colcon_mixin.mixin.mixin_argument.MixinArgumentDecorator object at 0x7e71a8853d00>, verb_extension=<colcon_core.verb.build.BuildVerb object at 0x7e71a88116f0>, main=<bound method BuildVerb.main of <colcon_core.verb.build.BuildVerb object at 0x7e71a88116f0>>, mixin_verb=('build',))
[0.147s] Level 1:colcon.colcon_core.package_discovery:discover_packages(colcon_meta) check parameters
[0.147s] Level 1:colcon.colcon_core.package_discovery:discover_packages(recursive) check parameters
[0.147s] Level 1:colcon.colcon_core.package_discovery:discover_packages(ignore) check parameters
[0.147s] Level 1:colcon.colcon_core.package_discovery:discover_packages(path) check parameters
[0.147s] Level 1:colcon.colcon_core.package_discovery:discover_packages(colcon_meta) discover
[0.147s] Level 1:colcon.colcon_core.package_discovery:discover_packages(recursive) discover
[0.148s] INFO:colcon.colcon_core.package_discovery:Crawling recursively for packages in '/home/leo/inverse_ws/src/inverse-demo'
[0.148s] Level 1:colcon.colcon_core.package_identification:_identify(.) by extensions ['ignore', 'ignore_ament_install']
[0.148s] Level 1:colcon.colcon_core.package_identification:_identify(.) by extension 'ignore'
[0.148s] Level 1:colcon.colcon_core.package_identification:_identify(.) by extension 'ignore_ament_install'
[0.148s] Level 1:colcon.colcon_core.package_identification:_identify(.) by extensions ['colcon_pkg']
[0.148s] Level 1:colcon.colcon_core.package_identification:_identify(.) by extension 'colcon_pkg'
[0.148s] Level 1:colcon.colcon_core.package_identification:_identify(.) by extensions ['colcon_meta']
[0.148s] Level 1:colcon.colcon_core.package_identification:_identify(.) by extension 'colcon_meta'
[0.148s] Level 1:colcon.colcon_core.package_identification:_identify(.) by extensions ['ros']
[0.148s] Level 1:colcon.colcon_core.package_identification:_identify(.) by extension 'ros'
[0.153s] Level 1:colcon.colcon_core.package_identification:_identify(.) by extensions ['cmake', 'python']
[0.153s] Level 1:colcon.colcon_core.package_identification:_identify(.) by extension 'cmake'
[0.153s] Level 1:colcon.colcon_core.package_identification:_identify(.) by extension 'python'
[0.153s] Level 1:colcon.colcon_core.package_identification:_identify(.) by extensions ['python_setup_py']
[0.153s] Level 1:colcon.colcon_core.package_identification:_identify(.) by extension 'python_setup_py'
[0.154s] Level 1:colcon.colcon_core.package_identification:_identify(bota_ft_sensor_driver) by extensions ['ignore', 'ignore_ament_install']
[0.154s] Level 1:colcon.colcon_core.package_identification:_identify(bota_ft_sensor_driver) by extension 'ignore'
[0.154s] Level 1:colcon.colcon_core.package_identification:_identify(bota_ft_sensor_driver) by extension 'ignore_ament_install'
[0.154s] Level 1:colcon.colcon_core.package_identification:_identify(bota_ft_sensor_driver) by extensions ['colcon_pkg']
[0.154s] Level 1:colcon.colcon_core.package_identification:_identify(bota_ft_sensor_driver) by extension 'colcon_pkg'
[0.154s] Level 1:colcon.colcon_core.package_identification:_identify(bota_ft_sensor_driver) by extensions ['colcon_meta']
[0.154s] Level 1:colcon.colcon_core.package_identification:_identify(bota_ft_sensor_driver) by extension 'colcon_meta'
[0.154s] Level 1:colcon.colcon_core.package_identification:_identify(bota_ft_sensor_driver) by extensions ['ros']
[0.154s] Level 1:colcon.colcon_core.package_identification:_identify(bota_ft_sensor_driver) by extension 'ros'
[0.154s] Level 1:colcon.colcon_core.package_identification:_identify(bota_ft_sensor_driver) by extensions ['cmake', 'python']
[0.154s] Level 1:colcon.colcon_core.package_identification:_identify(bota_ft_sensor_driver) by extension 'cmake'
[0.154s] Level 1:colcon.colcon_core.package_identification:_identify(bota_ft_sensor_driver) by extension 'python'
[0.154s] Level 1:colcon.colcon_core.package_identification:_identify(bota_ft_sensor_driver) by extensions ['python_setup_py']
[0.154s] Level 1:colcon.colcon_core.package_identification:_identify(bota_ft_sensor_driver) by extension 'python_setup_py'
[0.154s] Level 1:colcon.colcon_core.package_identification:_identify(bota_ft_sensor_driver/bota_driver) by extensions ['ignore', 'ignore_ament_install']
[0.154s] Level 1:colcon.colcon_core.package_identification:_identify(bota_ft_sensor_driver/bota_driver) by extension 'ignore'
[0.154s] Level 1:colcon.colcon_core.package_identification:_identify(bota_ft_sensor_driver/bota_driver) by extension 'ignore_ament_install'
[0.154s] Level 1:colcon.colcon_core.package_identification:_identify(bota_ft_sensor_driver/bota_driver) by extensions ['colcon_pkg']
[0.154s] Level 1:colcon.colcon_core.package_identification:_identify(bota_ft_sensor_driver/bota_driver) by extension 'colcon_pkg'
[0.154s] Level 1:colcon.colcon_core.package_identification:_identify(bota_ft_sensor_driver/bota_driver) by extensions ['colcon_meta']
[0.154s] Level 1:colcon.colcon_core.package_identification:_identify(bota_ft_sensor_driver/bota_driver) by extension 'colcon_meta'
[0.154s] Level 1:colcon.colcon_core.package_identification:_identify(bota_ft_sensor_driver/bota_driver) by extensions ['ros']
[0.154s] Level 1:colcon.colcon_core.package_identification:_identify(bota_ft_sensor_driver/bota_driver) by extension 'ros'
[0.154s] Level 1:colcon.colcon_core.package_identification:_identify(bota_ft_sensor_driver/bota_driver) by extensions ['cmake', 'python']
[0.154s] Level 1:colcon.colcon_core.package_identification:_identify(bota_ft_sensor_driver/bota_driver) by extension 'cmake'
[0.154s] Level 1:colcon.colcon_core.package_identification:_identify(bota_ft_sensor_driver/bota_driver) by extension 'python'
[0.154s] Level 1:colcon.colcon_core.package_identification:_identify(bota_ft_sensor_driver/bota_driver) by extensions ['python_setup_py']
[0.154s] Level 1:colcon.colcon_core.package_identification:_identify(bota_ft_sensor_driver/bota_driver) by extension 'python_setup_py'
[0.154s] Level 1:colcon.colcon_core.package_identification:_identify(bota_ft_sensor_driver/bota_driver/bota_driver) by extensions ['ignore', 'ignore_ament_install']
[0.154s] Level 1:colcon.colcon_core.package_identification:_identify(bota_ft_sensor_driver/bota_driver/bota_driver) by extension 'ignore'
[0.154s] Level 1:colcon.colcon_core.package_identification:_identify(bota_ft_sensor_driver/bota_driver/bota_driver) by extension 'ignore_ament_install'
[0.154s] Level 1:colcon.colcon_core.package_identification:_identify(bota_ft_sensor_driver/bota_driver/bota_driver) by extensions ['colcon_pkg']
[0.154s] Level 1:colcon.colcon_core.package_identification:_identify(bota_ft_sensor_driver/bota_driver/bota_driver) by extension 'colcon_pkg'
[0.154s] Level 1:colcon.colcon_core.package_identification:_identify(bota_ft_sensor_driver/bota_driver/bota_driver) by extensions ['colcon_meta']
[0.154s] Level 1:colcon.colcon_core.package_identification:_identify(bota_ft_sensor_driver/bota_driver/bota_driver) by extension 'colcon_meta'
[0.154s] Level 1:colcon.colcon_core.package_identification:_identify(bota_ft_sensor_driver/bota_driver/bota_driver) by extensions ['ros']
[0.154s] Level 1:colcon.colcon_core.package_identification:_identify(bota_ft_sensor_driver/bota_driver/bota_driver) by extension 'ros'
[0.155s] DEBUG:colcon.colcon_core.package_identification:Package 'bota_ft_sensor_driver/bota_driver/bota_driver' with type 'ros.ament_cmake' and name 'bota_driver'
[0.155s] Level 1:colcon.colcon_core.package_identification:_identify(bota_ft_sensor_driver/bota_driver/bota_driver_testing) by extensions ['ignore', 'ignore_ament_install']
[0.155s] Level 1:colcon.colcon_core.package_identification:_identify(bota_ft_sensor_driver/bota_driver/bota_driver_testing) by extension 'ignore'
[0.156s] Level 1:colcon.colcon_core.package_identification:_identify(bota_ft_sensor_driver/bota_driver/bota_driver_testing) by extension 'ignore_ament_install'
[0.156s] Level 1:colcon.colcon_core.package_identification:_identify(bota_ft_sensor_driver/bota_driver/bota_driver_testing) by extensions ['colcon_pkg']
[0.156s] Level 1:colcon.colcon_core.package_identification:_identify(bota_ft_sensor_driver/bota_driver/bota_driver_testing) by extension 'colcon_pkg'
[0.156s] Level 1:colcon.colcon_core.package_identification:_identify(bota_ft_sensor_driver/bota_driver/bota_driver_testing) by extensions ['colcon_meta']
[0.156s] Level 1:colcon.colcon_core.package_identification:_identify(bota_ft_sensor_driver/bota_driver/bota_driver_testing) by extension 'colcon_meta'
[0.156s] Level 1:colcon.colcon_core.package_identification:_identify(bota_ft_sensor_driver/bota_driver/bota_driver_testing) by extensions ['ros']
[0.156s] Level 1:colcon.colcon_core.package_identification:_identify(bota_ft_sensor_driver/bota_driver/bota_driver_testing) by extension 'ros'
[0.156s] DEBUG:colcon.colcon_core.package_identification:Package 'bota_ft_sensor_driver/bota_driver/bota_driver_testing' with type 'ros.ament_cmake' and name 'bota_driver_testing'
[0.156s] Level 1:colcon.colcon_core.package_identification:_identify(bota_ft_sensor_driver/bota_driver/bota_node) by extensions ['ignore', 'ignore_ament_install']
[0.156s] Level 1:colcon.colcon_core.package_identification:_identify(bota_ft_sensor_driver/bota_driver/bota_node) by extension 'ignore'
[0.156s] Level 1:colcon.colcon_core.package_identification:_identify(bota_ft_sensor_driver/bota_driver/bota_node) by extension 'ignore_ament_install'
[0.156s] Level 1:colcon.colcon_core.package_identification:_identify(bota_ft_sensor_driver/bota_driver/bota_node) by extensions ['colcon_pkg']
[0.156s] Level 1:colcon.colcon_core.package_identification:_identify(bota_ft_sensor_driver/bota_driver/bota_node) by extension 'colcon_pkg'
[0.156s] Level 1:colcon.colcon_core.package_identification:_identify(bota_ft_sensor_driver/bota_driver/bota_node) by extensions ['colcon_meta']
[0.156s] Level 1:colcon.colcon_core.package_identification:_identify(bota_ft_sensor_driver/bota_driver/bota_node) by extension 'colcon_meta'
[0.156s] Level 1:colcon.colcon_core.package_identification:_identify(bota_ft_sensor_driver/bota_driver/bota_node) by extensions ['ros']
[0.156s] Level 1:colcon.colcon_core.package_identification:_identify(bota_ft_sensor_driver/bota_driver/bota_node) by extension 'ros'
[0.156s] Level 1:colcon.colcon_core.package_identification:_identify(bota_ft_sensor_driver/bota_driver/bota_node) by extensions ['cmake', 'python']
[0.156s] Level 1:colcon.colcon_core.package_identification:_identify(bota_ft_sensor_driver/bota_driver/bota_node) by extension 'cmake'
[0.156s] Level 1:colcon.colcon_core.package_identification:_identify(bota_ft_sensor_driver/bota_driver/bota_node) by extension 'python'
[0.156s] Level 1:colcon.colcon_core.package_identification:_identify(bota_ft_sensor_driver/bota_driver/bota_node) by extensions ['python_setup_py']
[0.156s] Level 1:colcon.colcon_core.package_identification:_identify(bota_ft_sensor_driver/bota_driver/bota_node) by extension 'python_setup_py'
[0.156s] Level 1:colcon.colcon_core.package_identification:_identify(bota_ft_sensor_driver/bota_driver/bota_node/bota_node) by extensions ['ignore', 'ignore_ament_install']
[0.156s] Level 1:colcon.colcon_core.package_identification:_identify(bota_ft_sensor_driver/bota_driver/bota_node/bota_node) by extension 'ignore'
[0.157s] Level 1:colcon.colcon_core.package_identification:_identify(bota_ft_sensor_driver/bota_driver/bota_node/bota_node) by extension 'ignore_ament_install'
[0.157s] Level 1:colcon.colcon_core.package_identification:_identify(bota_ft_sensor_driver/bota_driver/bota_node/bota_node) by extensions ['colcon_pkg']
[0.157s] Level 1:colcon.colcon_core.package_identification:_identify(bota_ft_sensor_driver/bota_driver/bota_node/bota_node) by extension 'colcon_pkg'
[0.157s] Level 1:colcon.colcon_core.package_identification:_identify(bota_ft_sensor_driver/bota_driver/bota_node/bota_node) by extensions ['colcon_meta']
[0.157s] Level 1:colcon.colcon_core.package_identification:_identify(bota_ft_sensor_driver/bota_driver/bota_node/bota_node) by extension 'colcon_meta'
[0.157s] Level 1:colcon.colcon_core.package_identification:_identify(bota_ft_sensor_driver/bota_driver/bota_node/bota_node) by extensions ['ros']
[0.157s] Level 1:colcon.colcon_core.package_identification:_identify(bota_ft_sensor_driver/bota_driver/bota_node/bota_node) by extension 'ros'
[0.157s] DEBUG:colcon.colcon_core.package_identification:Package 'bota_ft_sensor_driver/bota_driver/bota_node/bota_node' with type 'ros.ament_cmake' and name 'bota_node'
[0.157s] Level 1:colcon.colcon_core.package_identification:_identify(bota_ft_sensor_driver/bota_driver/bota_node/bota_signal_handler) by extensions ['ignore', 'ignore_ament_install']
[0.157s] Level 1:colcon.colcon_core.package_identification:_identify(bota_ft_sensor_driver/bota_driver/bota_node/bota_signal_handler) by extension 'ignore'
[0.157s] Level 1:colcon.colcon_core.package_identification:_identify(bota_ft_sensor_driver/bota_driver/bota_node/bota_signal_handler) by extension 'ignore_ament_install'
[0.157s] Level 1:colcon.colcon_core.package_identification:_identify(bota_ft_sensor_driver/bota_driver/bota_node/bota_signal_handler) by extensions ['colcon_pkg']
[0.157s] Level 1:colcon.colcon_core.package_identification:_identify(bota_ft_sensor_driver/bota_driver/bota_node/bota_signal_handler) by extension 'colcon_pkg'
[0.157s] Level 1:colcon.colcon_core.package_identification:_identify(bota_ft_sensor_driver/bota_driver/bota_node/bota_signal_handler) by extensions ['colcon_meta']
[0.157s] Level 1:colcon.colcon_core.package_identification:_identify(bota_ft_sensor_driver/bota_driver/bota_node/bota_signal_handler) by extension 'colcon_meta'
[0.157s] Level 1:colcon.colcon_core.package_identification:_identify(bota_ft_sensor_driver/bota_driver/bota_node/bota_signal_handler) by extensions ['ros']
[0.157s] Level 1:colcon.colcon_core.package_identification:_identify(bota_ft_sensor_driver/bota_driver/bota_node/bota_signal_handler) by extension 'ros'
[0.157s] DEBUG:colcon.colcon_core.package_identification:Package 'bota_ft_sensor_driver/bota_driver/bota_node/bota_signal_handler' with type 'ros.ament_cmake' and name 'bota_signal_handler'
[0.157s] Level 1:colcon.colcon_core.package_identification:_identify(bota_ft_sensor_driver/bota_driver/bota_node/bota_worker) by extensions ['ignore', 'ignore_ament_install']
[0.157s] Level 1:colcon.colcon_core.package_identification:_identify(bota_ft_sensor_driver/bota_driver/bota_node/bota_worker) by extension 'ignore'
[0.157s] Level 1:colcon.colcon_core.package_identification:_identify(bota_ft_sensor_driver/bota_driver/bota_node/bota_worker) by extension 'ignore_ament_install'
[0.157s] Level 1:colcon.colcon_core.package_identification:_identify(bota_ft_sensor_driver/bota_driver/bota_node/bota_worker) by extensions ['colcon_pkg']
[0.157s] Level 1:colcon.colcon_core.package_identification:_identify(bota_ft_sensor_driver/bota_driver/bota_node/bota_worker) by extension 'colcon_pkg'
[0.158s] Level 1:colcon.colcon_core.package_identification:_identify(bota_ft_sensor_driver/bota_driver/bota_node/bota_worker) by extensions ['colcon_meta']
[0.158s] Level 1:colcon.colcon_core.package_identification:_identify(bota_ft_sensor_driver/bota_driver/bota_node/bota_worker) by extension 'colcon_meta'
[0.158s] Level 1:colcon.colcon_core.package_identification:_identify(bota_ft_sensor_driver/bota_driver/bota_node/bota_worker) by extensions ['ros']
[0.158s] Level 1:colcon.colcon_core.package_identification:_identify(bota_ft_sensor_driver/bota_driver/bota_node/bota_worker) by extension 'ros'
[0.158s] DEBUG:colcon.colcon_core.package_identification:Package 'bota_ft_sensor_driver/bota_driver/bota_node/bota_worker' with type 'ros.ament_cmake' and name 'bota_worker'
[0.158s] Level 1:colcon.colcon_core.package_identification:_identify(bota_ft_sensor_driver/bota_driver/docs) by extensions ['ignore', 'ignore_ament_install']
[0.158s] Level 1:colcon.colcon_core.package_identification:_identify(bota_ft_sensor_driver/bota_driver/docs) by extension 'ignore'
[0.158s] Level 1:colcon.colcon_core.package_identification:_identify(bota_ft_sensor_driver/bota_driver/docs) by extension 'ignore_ament_install'
[0.158s] Level 1:colcon.colcon_core.package_identification:_identify(bota_ft_sensor_driver/bota_driver/docs) by extensions ['colcon_pkg']
[0.158s] Level 1:colcon.colcon_core.package_identification:_identify(bota_ft_sensor_driver/bota_driver/docs) by extension 'colcon_pkg'
[0.158s] Level 1:colcon.colcon_core.package_identification:_identify(bota_ft_sensor_driver/bota_driver/docs) by extensions ['colcon_meta']
[0.158s] Level 1:colcon.colcon_core.package_identification:_identify(bota_ft_sensor_driver/bota_driver/docs) by extension 'colcon_meta'
[0.158s] Level 1:colcon.colcon_core.package_identification:_identify(bota_ft_sensor_driver/bota_driver/docs) by extensions ['ros']
[0.158s] Level 1:colcon.colcon_core.package_identification:_identify(bota_ft_sensor_driver/bota_driver/docs) by extension 'ros'
[0.158s] Level 1:colcon.colcon_core.package_identification:_identify(bota_ft_sensor_driver/bota_driver/docs) by extensions ['cmake', 'python']
[0.158s] Level 1:colcon.colcon_core.package_identification:_identify(bota_ft_sensor_driver/bota_driver/docs) by extension 'cmake'
[0.158s] Level 1:colcon.colcon_core.package_identification:_identify(bota_ft_sensor_driver/bota_driver/docs) by extension 'python'
[0.158s] Level 1:colcon.colcon_core.package_identification:_identify(bota_ft_sensor_driver/bota_driver/docs) by extensions ['python_setup_py']
[0.158s] Level 1:colcon.colcon_core.package_identification:_identify(bota_ft_sensor_driver/bota_driver/docs) by extension 'python_setup_py'
[0.158s] Level 1:colcon.colcon_core.package_identification:_identify(bota_ft_sensor_driver/bota_driver/images) by extensions ['ignore', 'ignore_ament_install']
[0.158s] Level 1:colcon.colcon_core.package_identification:_identify(bota_ft_sensor_driver/bota_driver/images) by extension 'ignore'
[0.158s] Level 1:colcon.colcon_core.package_identification:_identify(bota_ft_sensor_driver/bota_driver/images) by extension 'ignore_ament_install'
[0.158s] Level 1:colcon.colcon_core.package_identification:_identify(bota_ft_sensor_driver/bota_driver/images) by extensions ['colcon_pkg']
[0.158s] Level 1:colcon.colcon_core.package_identification:_identify(bota_ft_sensor_driver/bota_driver/images) by extension 'colcon_pkg'
[0.158s] Level 1:colcon.colcon_core.package_identification:_identify(bota_ft_sensor_driver/bota_driver/images) by extensions ['colcon_meta']
[0.158s] Level 1:colcon.colcon_core.package_identification:_identify(bota_ft_sensor_driver/bota_driver/images) by extension 'colcon_meta'
[0.158s] Level 1:colcon.colcon_core.package_identification:_identify(bota_ft_sensor_driver/bota_driver/images) by extensions ['ros']
[0.158s] Level 1:colcon.colcon_core.package_identification:_identify(bota_ft_sensor_driver/bota_driver/images) by extension 'ros'
[0.158s] Level 1:colcon.colcon_core.package_identification:_identify(bota_ft_sensor_driver/bota_driver/images) by extensions ['cmake', 'python']
[0.158s] Level 1:colcon.colcon_core.package_identification:_identify(bota_ft_sensor_driver/bota_driver/images) by extension 'cmake'
[0.158s] Level 1:colcon.colcon_core.package_identification:_identify(bota_ft_sensor_driver/bota_driver/images) by extension 'python'
[0.158s] Level 1:colcon.colcon_core.package_identification:_identify(bota_ft_sensor_driver/bota_driver/images) by extensions ['python_setup_py']
[0.158s] Level 1:colcon.colcon_core.package_identification:_identify(bota_ft_sensor_driver/bota_driver/images) by extension 'python_setup_py'
[0.158s] Level 1:colcon.colcon_core.package_identification:_identify(bota_ft_sensor_driver/bota_driver/rokubimini) by extensions ['ignore', 'ignore_ament_install']
[0.158s] Level 1:colcon.colcon_core.package_identification:_identify(bota_ft_sensor_driver/bota_driver/rokubimini) by extension 'ignore'
[0.158s] Level 1:colcon.colcon_core.package_identification:_identify(bota_ft_sensor_driver/bota_driver/rokubimini) by extension 'ignore_ament_install'
[0.158s] Level 1:colcon.colcon_core.package_identification:_identify(bota_ft_sensor_driver/bota_driver/rokubimini) by extensions ['colcon_pkg']
[0.158s] Level 1:colcon.colcon_core.package_identification:_identify(bota_ft_sensor_driver/bota_driver/rokubimini) by extension 'colcon_pkg'
[0.158s] Level 1:colcon.colcon_core.package_identification:_identify(bota_ft_sensor_driver/bota_driver/rokubimini) by extensions ['colcon_meta']
[0.158s] Level 1:colcon.colcon_core.package_identification:_identify(bota_ft_sensor_driver/bota_driver/rokubimini) by extension 'colcon_meta'
[0.158s] Level 1:colcon.colcon_core.package_identification:_identify(bota_ft_sensor_driver/bota_driver/rokubimini) by extensions ['ros']
[0.158s] Level 1:colcon.colcon_core.package_identification:_identify(bota_ft_sensor_driver/bota_driver/rokubimini) by extension 'ros'
[0.159s] DEBUG:colcon.colcon_core.package_identification:Package 'bota_ft_sensor_driver/bota_driver/rokubimini' with type 'ros.ament_cmake' and name 'rokubimini'
[0.159s] Level 1:colcon.colcon_core.package_identification:_identify(bota_ft_sensor_driver/bota_driver/rokubimini_bus_manager) by extensions ['ignore', 'ignore_ament_install']
[0.159s] Level 1:colcon.colcon_core.package_identification:_identify(bota_ft_sensor_driver/bota_driver/rokubimini_bus_manager) by extension 'ignore'
[0.159s] Level 1:colcon.colcon_core.package_identification:_identify(bota_ft_sensor_driver/bota_driver/rokubimini_bus_manager) by extension 'ignore_ament_install'
[0.159s] Level 1:colcon.colcon_core.package_identification:_identify(bota_ft_sensor_driver/bota_driver/rokubimini_bus_manager) by extensions ['colcon_pkg']
[0.159s] Level 1:colcon.colcon_core.package_identification:_identify(bota_ft_sensor_driver/bota_driver/rokubimini_bus_manager) by extension 'colcon_pkg'
[0.159s] Level 1:colcon.colcon_core.package_identification:_identify(bota_ft_sensor_driver/bota_driver/rokubimini_bus_manager) by extensions ['colcon_meta']
[0.159s] Level 1:colcon.colcon_core.package_identification:_identify(bota_ft_sensor_driver/bota_driver/rokubimini_bus_manager) by extension 'colcon_meta'
[0.159s] Level 1:colcon.colcon_core.package_identification:_identify(bota_ft_sensor_driver/bota_driver/rokubimini_bus_manager) by extensions ['ros']
[0.159s] Level 1:colcon.colcon_core.package_identification:_identify(bota_ft_sensor_driver/bota_driver/rokubimini_bus_manager) by extension 'ros'
[0.159s] DEBUG:colcon.colcon_core.package_identification:Package 'bota_ft_sensor_driver/bota_driver/rokubimini_bus_manager' with type 'ros.ament_cmake' and name 'rokubimini_bus_manager'
[0.159s] Level 1:colcon.colcon_core.package_identification:_identify(bota_ft_sensor_driver/bota_driver/rokubimini_description) by extensions ['ignore', 'ignore_ament_install']
[0.159s] Level 1:colcon.colcon_core.package_identification:_identify(bota_ft_sensor_driver/bota_driver/rokubimini_description) by extension 'ignore'
[0.159s] Level 1:colcon.colcon_core.package_identification:_identify(bota_ft_sensor_driver/bota_driver/rokubimini_description) by extension 'ignore_ament_install'
[0.159s] Level 1:colcon.colcon_core.package_identification:_identify(bota_ft_sensor_driver/bota_driver/rokubimini_description) by extensions ['colcon_pkg']
[0.159s] Level 1:colcon.colcon_core.package_identification:_identify(bota_ft_sensor_driver/bota_driver/rokubimini_description) by extension 'colcon_pkg'
[0.159s] Level 1:colcon.colcon_core.package_identification:_identify(bota_ft_sensor_driver/bota_driver/rokubimini_description) by extensions ['colcon_meta']
[0.159s] Level 1:colcon.colcon_core.package_identification:_identify(bota_ft_sensor_driver/bota_driver/rokubimini_description) by extension 'colcon_meta'
[0.160s] Level 1:colcon.colcon_core.package_identification:_identify(bota_ft_sensor_driver/bota_driver/rokubimini_description) by extensions ['ros']
[0.160s] Level 1:colcon.colcon_core.package_identification:_identify(bota_ft_sensor_driver/bota_driver/rokubimini_description) by extension 'ros'
[0.160s] DEBUG:colcon.colcon_core.package_identification:Package 'bota_ft_sensor_driver/bota_driver/rokubimini_description' with type 'ros.ament_cmake' and name 'rokubimini_description'
[0.160s] Level 1:colcon.colcon_core.package_identification:_identify(bota_ft_sensor_driver/bota_driver/rokubimini_ethercat) by extensions ['ignore', 'ignore_ament_install']
[0.160s] Level 1:colcon.colcon_core.package_identification:_identify(bota_ft_sensor_driver/bota_driver/rokubimini_ethercat) by extension 'ignore'
[0.160s] Level 1:colcon.colcon_core.package_identification:_identify(bota_ft_sensor_driver/bota_driver/rokubimini_ethercat) by extension 'ignore_ament_install'
[0.160s] Level 1:colcon.colcon_core.package_identification:_identify(bota_ft_sensor_driver/bota_driver/rokubimini_ethercat) by extensions ['colcon_pkg']
[0.160s] Level 1:colcon.colcon_core.package_identification:_identify(bota_ft_sensor_driver/bota_driver/rokubimini_ethercat) by extension 'colcon_pkg'
[0.160s] Level 1:colcon.colcon_core.package_identification:_identify(bota_ft_sensor_driver/bota_driver/rokubimini_ethercat) by extensions ['colcon_meta']
[0.160s] Level 1:colcon.colcon_core.package_identification:_identify(bota_ft_sensor_driver/bota_driver/rokubimini_ethercat) by extension 'colcon_meta'
[0.160s] Level 1:colcon.colcon_core.package_identification:_identify(bota_ft_sensor_driver/bota_driver/rokubimini_ethercat) by extensions ['ros']
[0.160s] Level 1:colcon.colcon_core.package_identification:_identify(bota_ft_sensor_driver/bota_driver/rokubimini_ethercat) by extension 'ros'
[0.160s] DEBUG:colcon.colcon_core.package_identification:Package 'bota_ft_sensor_driver/bota_driver/rokubimini_ethercat' with type 'ros.ament_cmake' and name 'rokubimini_ethercat'
[0.160s] Level 1:colcon.colcon_core.package_identification:_identify(bota_ft_sensor_driver/bota_driver/rokubimini_msgs) by extensions ['ignore', 'ignore_ament_install']
[0.160s] Level 1:colcon.colcon_core.package_identification:_identify(bota_ft_sensor_driver/bota_driver/rokubimini_msgs) by extension 'ignore'
[0.160s] Level 1:colcon.colcon_core.package_identification:_identify(bota_ft_sensor_driver/bota_driver/rokubimini_msgs) by extension 'ignore_ament_install'
[0.160s] Level 1:colcon.colcon_core.package_identification:_identify(bota_ft_sensor_driver/bota_driver/rokubimini_msgs) by extensions ['colcon_pkg']
[0.160s] Level 1:colcon.colcon_core.package_identification:_identify(bota_ft_sensor_driver/bota_driver/rokubimini_msgs) by extension 'colcon_pkg'
[0.160s] Level 1:colcon.colcon_core.package_identification:_identify(bota_ft_sensor_driver/bota_driver/rokubimini_msgs) by extensions ['colcon_meta']
[0.160s] Level 1:colcon.colcon_core.package_identification:_identify(bota_ft_sensor_driver/bota_driver/rokubimini_msgs) by extension 'colcon_meta'
[0.160s] Level 1:colcon.colcon_core.package_identification:_identify(bota_ft_sensor_driver/bota_driver/rokubimini_msgs) by extensions ['ros']
[0.160s] Level 1:colcon.colcon_core.package_identification:_identify(bota_ft_sensor_driver/bota_driver/rokubimini_msgs) by extension 'ros'
[0.161s] DEBUG:colcon.colcon_core.package_identification:Package 'bota_ft_sensor_driver/bota_driver/rokubimini_msgs' with type 'ros.ament_cmake' and name 'rokubimini_msgs'
[0.161s] Level 1:colcon.colcon_core.package_identification:_identify(bota_ft_sensor_driver/bota_driver/rokubimini_serial) by extensions ['ignore', 'ignore_ament_install']
[0.161s] Level 1:colcon.colcon_core.package_identification:_identify(bota_ft_sensor_driver/bota_driver/rokubimini_serial) by extension 'ignore'
[0.161s] Level 1:colcon.colcon_core.package_identification:_identify(bota_ft_sensor_driver/bota_driver/rokubimini_serial) by extension 'ignore_ament_install'
[0.161s] Level 1:colcon.colcon_core.package_identification:_identify(bota_ft_sensor_driver/bota_driver/rokubimini_serial) by extensions ['colcon_pkg']
[0.161s] Level 1:colcon.colcon_core.package_identification:_identify(bota_ft_sensor_driver/bota_driver/rokubimini_serial) by extension 'colcon_pkg'
[0.161s] Level 1:colcon.colcon_core.package_identification:_identify(bota_ft_sensor_driver/bota_driver/rokubimini_serial) by extensions ['colcon_meta']
[0.161s] Level 1:colcon.colcon_core.package_identification:_identify(bota_ft_sensor_driver/bota_driver/rokubimini_serial) by extension 'colcon_meta'
[0.161s] Level 1:colcon.colcon_core.package_identification:_identify(bota_ft_sensor_driver/bota_driver/rokubimini_serial) by extensions ['ros']
[0.161s] Level 1:colcon.colcon_core.package_identification:_identify(bota_ft_sensor_driver/bota_driver/rokubimini_serial) by extension 'ros'
[0.162s] DEBUG:colcon.colcon_core.package_identification:Package 'bota_ft_sensor_driver/bota_driver/rokubimini_serial' with type 'ros.ament_cmake' and name 'rokubimini_serial'
[0.162s] Level 1:colcon.colcon_core.package_identification:_identify(bota_ft_sensor_driver/bota_driver/tests) by extensions ['ignore', 'ignore_ament_install']
[0.162s] Level 1:colcon.colcon_core.package_identification:_identify(bota_ft_sensor_driver/bota_driver/tests) by extension 'ignore'
[0.162s] Level 1:colcon.colcon_core.package_identification:_identify(bota_ft_sensor_driver/bota_driver/tests) by extension 'ignore_ament_install'
[0.162s] Level 1:colcon.colcon_core.package_identification:_identify(bota_ft_sensor_driver/bota_driver/tests) by extensions ['colcon_pkg']
[0.162s] Level 1:colcon.colcon_core.package_identification:_identify(bota_ft_sensor_driver/bota_driver/tests) by extension 'colcon_pkg'
[0.162s] Level 1:colcon.colcon_core.package_identification:_identify(bota_ft_sensor_driver/bota_driver/tests) by extensions ['colcon_meta']
[0.162s] Level 1:colcon.colcon_core.package_identification:_identify(bota_ft_sensor_driver/bota_driver/tests) by extension 'colcon_meta'
[0.162s] Level 1:colcon.colcon_core.package_identification:_identify(bota_ft_sensor_driver/bota_driver/tests) by extensions ['ros']
[0.162s] Level 1:colcon.colcon_core.package_identification:_identify(bota_ft_sensor_driver/bota_driver/tests) by extension 'ros'
[0.162s] Level 1:colcon.colcon_core.package_identification:_identify(bota_ft_sensor_driver/bota_driver/tests) by extensions ['cmake', 'python']
[0.162s] Level 1:colcon.colcon_core.package_identification:_identify(bota_ft_sensor_driver/bota_driver/tests) by extension 'cmake'
[0.162s] Level 1:colcon.colcon_core.package_identification:_identify(bota_ft_sensor_driver/bota_driver/tests) by extension 'python'
[0.162s] Level 1:colcon.colcon_core.package_identification:_identify(bota_ft_sensor_driver/bota_driver/tests) by extensions ['python_setup_py']
[0.162s] Level 1:colcon.colcon_core.package_identification:_identify(bota_ft_sensor_driver/bota_driver/tests) by extension 'python_setup_py'
[0.162s] Level 1:colcon.colcon_core.package_identification:_identify(bota_ft_sensor_driver/sensor_offset) by extensions ['ignore', 'ignore_ament_install']
[0.162s] Level 1:colcon.colcon_core.package_identification:_identify(bota_ft_sensor_driver/sensor_offset) by extension 'ignore'
[0.162s] Level 1:colcon.colcon_core.package_identification:_identify(bota_ft_sensor_driver/sensor_offset) by extension 'ignore_ament_install'
[0.162s] Level 1:colcon.colcon_core.package_identification:_identify(bota_ft_sensor_driver/sensor_offset) by extensions ['colcon_pkg']
[0.162s] Level 1:colcon.colcon_core.package_identification:_identify(bota_ft_sensor_driver/sensor_offset) by extension 'colcon_pkg'
[0.162s] Level 1:colcon.colcon_core.package_identification:_identify(bota_ft_sensor_driver/sensor_offset) by extensions ['colcon_meta']
[0.162s] Level 1:colcon.colcon_core.package_identification:_identify(bota_ft_sensor_driver/sensor_offset) by extension 'colcon_meta'
[0.162s] Level 1:colcon.colcon_core.package_identification:_identify(bota_ft_sensor_driver/sensor_offset) by extensions ['ros']
[0.162s] Level 1:colcon.colcon_core.package_identification:_identify(bota_ft_sensor_driver/sensor_offset) by extension 'ros'
[0.163s] DEBUG:colcon.colcon_core.package_identification:Package 'bota_ft_sensor_driver/sensor_offset' with type 'ros.ament_python' and name 'sensor_offset'
[0.163s] Level 1:colcon.colcon_core.package_identification:_identify(bota_ft_sensor_driver/soem) by extensions ['ignore', 'ignore_ament_install']
[0.163s] Level 1:colcon.colcon_core.package_identification:_identify(bota_ft_sensor_driver/soem) by extension 'ignore'
[0.163s] Level 1:colcon.colcon_core.package_identification:_identify(bota_ft_sensor_driver/soem) by extension 'ignore_ament_install'
[0.163s] Level 1:colcon.colcon_core.package_identification:_identify(bota_ft_sensor_driver/soem) by extensions ['colcon_pkg']
[0.163s] Level 1:colcon.colcon_core.package_identification:_identify(bota_ft_sensor_driver/soem) by extension 'colcon_pkg'
[0.163s] Level 1:colcon.colcon_core.package_identification:_identify(bota_ft_sensor_driver/soem) by extensions ['colcon_meta']
[0.163s] Level 1:colcon.colcon_core.package_identification:_identify(bota_ft_sensor_driver/soem) by extension 'colcon_meta'
[0.163s] Level 1:colcon.colcon_core.package_identification:_identify(bota_ft_sensor_driver/soem) by extensions ['ros']
[0.163s] Level 1:colcon.colcon_core.package_identification:_identify(bota_ft_sensor_driver/soem) by extension 'ros'
[0.163s] DEBUG:colcon.colcon_core.package_identification:Package 'bota_ft_sensor_driver/soem' with type 'ros.ament_cmake' and name 'soem'
[0.163s] Level 1:colcon.colcon_core.package_identification:_identify(build) by extensions ['ignore', 'ignore_ament_install']
[0.163s] Level 1:colcon.colcon_core.package_identification:_identify(build) by extension 'ignore'
[0.163s] Level 1:colcon.colcon_core.package_identification:_identify(build) ignored
[0.163s] Level 1:colcon.colcon_core.package_identification:_identify(easy_ur_control) by extensions ['ignore', 'ignore_ament_install']
[0.163s] Level 1:colcon.colcon_core.package_identification:_identify(easy_ur_control) by extension 'ignore'
[0.163s] Level 1:colcon.colcon_core.package_identification:_identify(easy_ur_control) by extension 'ignore_ament_install'
[0.163s] Level 1:colcon.colcon_core.package_identification:_identify(easy_ur_control) by extensions ['colcon_pkg']
[0.163s] Level 1:colcon.colcon_core.package_identification:_identify(easy_ur_control) by extension 'colcon_pkg'
[0.163s] Level 1:colcon.colcon_core.package_identification:_identify(easy_ur_control) by extensions ['colcon_meta']
[0.163s] Level 1:colcon.colcon_core.package_identification:_identify(easy_ur_control) by extension 'colcon_meta'
[0.163s] Level 1:colcon.colcon_core.package_identification:_identify(easy_ur_control) by extensions ['ros']
[0.163s] Level 1:colcon.colcon_core.package_identification:_identify(easy_ur_control) by extension 'ros'
[0.164s] DEBUG:colcon.colcon_core.package_identification:Package 'easy_ur_control' with type 'ros.ament_cmake' and name 'easy_ur_control'
[0.164s] Level 1:colcon.colcon_core.package_identification:_identify(install) by extensions ['ignore', 'ignore_ament_install']
[0.164s] Level 1:colcon.colcon_core.package_identification:_identify(install) by extension 'ignore'
[0.164s] Level 1:colcon.colcon_core.package_identification:_identify(install) ignored
[0.164s] Level 1:colcon.colcon_core.package_identification:_identify(inverse_bringup) by extensions ['ignore', 'ignore_ament_install']
[0.164s] Level 1:colcon.colcon_core.package_identification:_identify(inverse_bringup) by extension 'ignore'
[0.164s] Level 1:colcon.colcon_core.package_identification:_identify(inverse_bringup) by extension 'ignore_ament_install'
[0.164s] Level 1:colcon.colcon_core.package_identification:_identify(inverse_bringup) by extensions ['colcon_pkg']
[0.164s] Level 1:colcon.colcon_core.package_identification:_identify(inverse_bringup) by extension 'colcon_pkg'
[0.164s] Level 1:colcon.colcon_core.package_identification:_identify(inverse_bringup) by extensions ['colcon_meta']
[0.164s] Level 1:colcon.colcon_core.package_identification:_identify(inverse_bringup) by extension 'colcon_meta'
[0.164s] Level 1:colcon.colcon_core.package_identification:_identify(inverse_bringup) by extensions ['ros']
[0.164s] Level 1:colcon.colcon_core.package_identification:_identify(inverse_bringup) by extension 'ros'
[0.164s] DEBUG:colcon.colcon_core.package_identification:Package 'inverse_bringup' with type 'ros.ament_cmake' and name 'inverse_bringup'
[0.164s] Level 1:colcon.colcon_core.package_identification:_identify(inverse_calibration) by extensions ['ignore', 'ignore_ament_install']
[0.164s] Level 1:colcon.colcon_core.package_identification:_identify(inverse_calibration) by extension 'ignore'
[0.164s] Level 1:colcon.colcon_core.package_identification:_identify(inverse_calibration) by extension 'ignore_ament_install'
[0.164s] Level 1:colcon.colcon_core.package_identification:_identify(inverse_calibration) by extensions ['colcon_pkg']
[0.164s] Level 1:colcon.colcon_core.package_identification:_identify(inverse_calibration) by extension 'colcon_pkg'
[0.164s] Level 1:colcon.colcon_core.package_identification:_identify(inverse_calibration) by extensions ['colcon_meta']
[0.164s] Level 1:colcon.colcon_core.package_identification:_identify(inverse_calibration) by extension 'colcon_meta'
[0.164s] Level 1:colcon.colcon_core.package_identification:_identify(inverse_calibration) by extensions ['ros']
[0.164s] Level 1:colcon.colcon_core.package_identification:_identify(inverse_calibration) by extension 'ros'
[0.164s] Level 1:colcon.colcon_core.package_identification:_identify(inverse_calibration) by extensions ['cmake', 'python']
[0.164s] Level 1:colcon.colcon_core.package_identification:_identify(inverse_calibration) by extension 'cmake'
[0.164s] Level 1:colcon.colcon_core.package_identification:_identify(inverse_calibration) by extension 'python'
[0.164s] Level 1:colcon.colcon_core.package_identification:_identify(inverse_calibration) by extensions ['python_setup_py']
[0.164s] Level 1:colcon.colcon_core.package_identification:_identify(inverse_calibration) by extension 'python_setup_py'
[0.164s] Level 1:colcon.colcon_core.package_identification:_identify(inverse_calibration/easy_handeye2) by extensions ['ignore', 'ignore_ament_install']
[0.164s] Level 1:colcon.colcon_core.package_identification:_identify(inverse_calibration/easy_handeye2) by extension 'ignore'
[0.164s] Level 1:colcon.colcon_core.package_identification:_identify(inverse_calibration/easy_handeye2) by extension 'ignore_ament_install'
[0.164s] Level 1:colcon.colcon_core.package_identification:_identify(inverse_calibration/easy_handeye2) by extensions ['colcon_pkg']
[0.164s] Level 1:colcon.colcon_core.package_identification:_identify(inverse_calibration/easy_handeye2) by extension 'colcon_pkg'
[0.164s] Level 1:colcon.colcon_core.package_identification:_identify(inverse_calibration/easy_handeye2) by extensions ['colcon_meta']
[0.164s] Level 1:colcon.colcon_core.package_identification:_identify(inverse_calibration/easy_handeye2) by extension 'colcon_meta'
[0.164s] Level 1:colcon.colcon_core.package_identification:_identify(inverse_calibration/easy_handeye2) by extensions ['ros']
[0.164s] Level 1:colcon.colcon_core.package_identification:_identify(inverse_calibration/easy_handeye2) by extension 'ros'
[0.164s] Level 1:colcon.colcon_core.package_identification:_identify(inverse_calibration/easy_handeye2) by extensions ['cmake', 'python']
[0.165s] Level 1:colcon.colcon_core.package_identification:_identify(inverse_calibration/easy_handeye2) by extension 'cmake'
[0.165s] Level 1:colcon.colcon_core.package_identification:_identify(inverse_calibration/easy_handeye2) by extension 'python'
[0.165s] Level 1:colcon.colcon_core.package_identification:_identify(inverse_calibration/easy_handeye2) by extensions ['python_setup_py']
[0.165s] Level 1:colcon.colcon_core.package_identification:_identify(inverse_calibration/easy_handeye2) by extension 'python_setup_py'
[0.165s] Level 1:colcon.colcon_core.package_identification:_identify(inverse_calibration/easy_handeye2/docs) by extensions ['ignore', 'ignore_ament_install']
[0.165s] Level 1:colcon.colcon_core.package_identification:_identify(inverse_calibration/easy_handeye2/docs) by extension 'ignore'
[0.165s] Level 1:colcon.colcon_core.package_identification:_identify(inverse_calibration/easy_handeye2/docs) by extension 'ignore_ament_install'
[0.165s] Level 1:colcon.colcon_core.package_identification:_identify(inverse_calibration/easy_handeye2/docs) by extensions ['colcon_pkg']
[0.165s] Level 1:colcon.colcon_core.package_identification:_identify(inverse_calibration/easy_handeye2/docs) by extension 'colcon_pkg'
[0.165s] Level 1:colcon.colcon_core.package_identification:_identify(inverse_calibration/easy_handeye2/docs) by extensions ['colcon_meta']
[0.165s] Level 1:colcon.colcon_core.package_identification:_identify(inverse_calibration/easy_handeye2/docs) by extension 'colcon_meta'
[0.165s] Level 1:colcon.colcon_core.package_identification:_identify(inverse_calibration/easy_handeye2/docs) by extensions ['ros']
[0.165s] Level 1:colcon.colcon_core.package_identification:_identify(inverse_calibration/easy_handeye2/docs) by extension 'ros'
[0.165s] Level 1:colcon.colcon_core.package_identification:_identify(inverse_calibration/easy_handeye2/docs) by extensions ['cmake', 'python']
[0.165s] Level 1:colcon.colcon_core.package_identification:_identify(inverse_calibration/easy_handeye2/docs) by extension 'cmake'
[0.165s] Level 1:colcon.colcon_core.package_identification:_identify(inverse_calibration/easy_handeye2/docs) by extension 'python'
[0.165s] Level 1:colcon.colcon_core.package_identification:_identify(inverse_calibration/easy_handeye2/docs) by extensions ['python_setup_py']
[0.165s] Level 1:colcon.colcon_core.package_identification:_identify(inverse_calibration/easy_handeye2/docs) by extension 'python_setup_py'
[0.165s] Level 1:colcon.colcon_core.package_identification:_identify(inverse_calibration/easy_handeye2/docs/img) by extensions ['ignore', 'ignore_ament_install']
[0.165s] Level 1:colcon.colcon_core.package_identification:_identify(inverse_calibration/easy_handeye2/docs/img) by extension 'ignore'
[0.165s] Level 1:colcon.colcon_core.package_identification:_identify(inverse_calibration/easy_handeye2/docs/img) by extension 'ignore_ament_install'
[0.165s] Level 1:colcon.colcon_core.package_identification:_identify(inverse_calibration/easy_handeye2/docs/img) by extensions ['colcon_pkg']
[0.165s] Level 1:colcon.colcon_core.package_identification:_identify(inverse_calibration/easy_handeye2/docs/img) by extension 'colcon_pkg'
[0.165s] Level 1:colcon.colcon_core.package_identification:_identify(inverse_calibration/easy_handeye2/docs/img) by extensions ['colcon_meta']
[0.165s] Level 1:colcon.colcon_core.package_identification:_identify(inverse_calibration/easy_handeye2/docs/img) by extension 'colcon_meta'
[0.165s] Level 1:colcon.colcon_core.package_identification:_identify(inverse_calibration/easy_handeye2/docs/img) by extensions ['ros']
[0.165s] Level 1:colcon.colcon_core.package_identification:_identify(inverse_calibration/easy_handeye2/docs/img) by extension 'ros'
[0.165s] Level 1:colcon.colcon_core.package_identification:_identify(inverse_calibration/easy_handeye2/docs/img) by extensions ['cmake', 'python']
[0.165s] Level 1:colcon.colcon_core.package_identification:_identify(inverse_calibration/easy_handeye2/docs/img) by extension 'cmake'
[0.165s] Level 1:colcon.colcon_core.package_identification:_identify(inverse_calibration/easy_handeye2/docs/img) by extension 'python'
[0.165s] Level 1:colcon.colcon_core.package_identification:_identify(inverse_calibration/easy_handeye2/docs/img) by extensions ['python_setup_py']
[0.165s] Level 1:colcon.colcon_core.package_identification:_identify(inverse_calibration/easy_handeye2/docs/img) by extension 'python_setup_py'
[0.165s] Level 1:colcon.colcon_core.package_identification:_identify(inverse_calibration/easy_handeye2/easy_handeye2) by extensions ['ignore', 'ignore_ament_install']
[0.165s] Level 1:colcon.colcon_core.package_identification:_identify(inverse_calibration/easy_handeye2/easy_handeye2) by extension 'ignore'
[0.165s] Level 1:colcon.colcon_core.package_identification:_identify(inverse_calibration/easy_handeye2/easy_handeye2) by extension 'ignore_ament_install'
[0.165s] Level 1:colcon.colcon_core.package_identification:_identify(inverse_calibration/easy_handeye2/easy_handeye2) by extensions ['colcon_pkg']
[0.165s] Level 1:colcon.colcon_core.package_identification:_identify(inverse_calibration/easy_handeye2/easy_handeye2) by extension 'colcon_pkg'
[0.165s] Level 1:colcon.colcon_core.package_identification:_identify(inverse_calibration/easy_handeye2/easy_handeye2) by extensions ['colcon_meta']
[0.165s] Level 1:colcon.colcon_core.package_identification:_identify(inverse_calibration/easy_handeye2/easy_handeye2) by extension 'colcon_meta'
[0.165s] Level 1:colcon.colcon_core.package_identification:_identify(inverse_calibration/easy_handeye2/easy_handeye2) by extensions ['ros']
[0.165s] Level 1:colcon.colcon_core.package_identification:_identify(inverse_calibration/easy_handeye2/easy_handeye2) by extension 'ros'
[0.169s] DEBUG:colcon.colcon_core.package_identification:Package 'inverse_calibration/easy_handeye2/easy_handeye2' with type 'ros.ament_python' and name 'easy_handeye2'
[0.169s] Level 1:colcon.colcon_core.package_identification:_identify(inverse_calibration/easy_handeye2/easy_handeye2_msgs) by extensions ['ignore', 'ignore_ament_install']
[0.169s] Level 1:colcon.colcon_core.package_identification:_identify(inverse_calibration/easy_handeye2/easy_handeye2_msgs) by extension 'ignore'
[0.169s] Level 1:colcon.colcon_core.package_identification:_identify(inverse_calibration/easy_handeye2/easy_handeye2_msgs) by extension 'ignore_ament_install'
[0.169s] Level 1:colcon.colcon_core.package_identification:_identify(inverse_calibration/easy_handeye2/easy_handeye2_msgs) by extensions ['colcon_pkg']
[0.169s] Level 1:colcon.colcon_core.package_identification:_identify(inverse_calibration/easy_handeye2/easy_handeye2_msgs) by extension 'colcon_pkg'
[0.169s] Level 1:colcon.colcon_core.package_identification:_identify(inverse_calibration/easy_handeye2/easy_handeye2_msgs) by extensions ['colcon_meta']
[0.169s] Level 1:colcon.colcon_core.package_identification:_identify(inverse_calibration/easy_handeye2/easy_handeye2_msgs) by extension 'colcon_meta'
[0.169s] Level 1:colcon.colcon_core.package_identification:_identify(inverse_calibration/easy_handeye2/easy_handeye2_msgs) by extensions ['ros']
[0.169s] Level 1:colcon.colcon_core.package_identification:_identify(inverse_calibration/easy_handeye2/easy_handeye2_msgs) by extension 'ros'
[0.170s] DEBUG:colcon.colcon_core.package_identification:Package 'inverse_calibration/easy_handeye2/easy_handeye2_msgs' with type 'ros.ament_cmake' and name 'easy_handeye2_msgs'
[0.170s] Level 1:colcon.colcon_core.package_identification:_identify(inverse_motion_planner) by extensions ['ignore', 'ignore_ament_install']
[0.170s] Level 1:colcon.colcon_core.package_identification:_identify(inverse_motion_planner) by extension 'ignore'
[0.170s] Level 1:colcon.colcon_core.package_identification:_identify(inverse_motion_planner) by extension 'ignore_ament_install'
[0.170s] Level 1:colcon.colcon_core.package_identification:_identify(inverse_motion_planner) by extensions ['colcon_pkg']
[0.170s] Level 1:colcon.colcon_core.package_identification:_identify(inverse_motion_planner) by extension 'colcon_pkg'
[0.170s] Level 1:colcon.colcon_core.package_identification:_identify(inverse_motion_planner) by extensions ['colcon_meta']
[0.170s] Level 1:colcon.colcon_core.package_identification:_identify(inverse_motion_planner) by extension 'colcon_meta'
[0.170s] Level 1:colcon.colcon_core.package_identification:_identify(inverse_motion_planner) by extensions ['ros']
[0.170s] Level 1:colcon.colcon_core.package_identification:_identify(inverse_motion_planner) by extension 'ros'
[0.170s] DEBUG:colcon.colcon_core.package_identification:Package 'inverse_motion_planner' with type 'ros.ament_cmake' and name 'inverse_motion_planner'
[0.170s] Level 1:colcon.colcon_core.package_identification:_identify(inverse_msgs) by extensions ['ignore', 'ignore_ament_install']
[0.170s] Level 1:colcon.colcon_core.package_identification:_identify(inverse_msgs) by extension 'ignore'
[0.170s] Level 1:colcon.colcon_core.package_identification:_identify(inverse_msgs) by extension 'ignore_ament_install'
[0.171s] Level 1:colcon.colcon_core.package_identification:_identify(inverse_msgs) by extensions ['colcon_pkg']
[0.171s] Level 1:colcon.colcon_core.package_identification:_identify(inverse_msgs) by extension 'colcon_pkg'
[0.171s] Level 1:colcon.colcon_core.package_identification:_identify(inverse_msgs) by extensions ['colcon_meta']
[0.171s] Level 1:colcon.colcon_core.package_identification:_identify(inverse_msgs) by extension 'colcon_meta'
[0.171s] Level 1:colcon.colcon_core.package_identification:_identify(inverse_msgs) by extensions ['ros']
[0.171s] Level 1:colcon.colcon_core.package_identification:_identify(inverse_msgs) by extension 'ros'
[0.171s] DEBUG:colcon.colcon_core.package_identification:Package 'inverse_msgs' with type 'ros.ament_cmake' and name 'inverse_msgs'
[0.171s] Level 1:colcon.colcon_core.package_identification:_identify(inverse_orchestrator) by extensions ['ignore', 'ignore_ament_install']
[0.171s] Level 1:colcon.colcon_core.package_identification:_identify(inverse_orchestrator) by extension 'ignore'
[0.171s] Level 1:colcon.colcon_core.package_identification:_identify(inverse_orchestrator) by extension 'ignore_ament_install'
[0.171s] Level 1:colcon.colcon_core.package_identification:_identify(inverse_orchestrator) by extensions ['colcon_pkg']
[0.171s] Level 1:colcon.colcon_core.package_identification:_identify(inverse_orchestrator) by extension 'colcon_pkg'
[0.171s] Level 1:colcon.colcon_core.package_identification:_identify(inverse_orchestrator) by extensions ['colcon_meta']
[0.171s] Level 1:colcon.colcon_core.package_identification:_identify(inverse_orchestrator) by extension 'colcon_meta'
[0.171s] Level 1:colcon.colcon_core.package_identification:_identify(inverse_orchestrator) by extensions ['ros']
[0.171s] Level 1:colcon.colcon_core.package_identification:_identify(inverse_orchestrator) by extension 'ros'
[0.171s] DEBUG:colcon.colcon_core.package_identification:Package 'inverse_orchestrator' with type 'ros.ament_python' and name 'inverse_orchestrator'
[0.171s] Level 1:colcon.colcon_core.package_identification:_identify(inverse_perception) by extensions ['ignore', 'ignore_ament_install']
[0.171s] Level 1:colcon.colcon_core.package_identification:_identify(inverse_perception) by extension 'ignore'
[0.171s] Level 1:colcon.colcon_core.package_identification:_identify(inverse_perception) by extension 'ignore_ament_install'
[0.171s] Level 1:colcon.colcon_core.package_identification:_identify(inverse_perception) by extensions ['colcon_pkg']
[0.171s] Level 1:colcon.colcon_core.package_identification:_identify(inverse_perception) by extension 'colcon_pkg'
[0.171s] Level 1:colcon.colcon_core.package_identification:_identify(inverse_perception) by extensions ['colcon_meta']
[0.171s] Level 1:colcon.colcon_core.package_identification:_identify(inverse_perception) by extension 'colcon_meta'
[0.172s] Level 1:colcon.colcon_core.package_identification:_identify(inverse_perception) by extensions ['ros']
[0.172s] Level 1:colcon.colcon_core.package_identification:_identify(inverse_perception) by extension 'ros'
[0.172s] DEBUG:colcon.colcon_core.package_identification:Package 'inverse_perception' with type 'ros.ament_cmake' and name 'inverse_perception'
[0.172s] Level 1:colcon.colcon_core.package_identification:_identify(inverse_resources) by extensions ['ignore', 'ignore_ament_install']
[0.172s] Level 1:colcon.colcon_core.package_identification:_identify(inverse_resources) by extension 'ignore'
[0.172s] Level 1:colcon.colcon_core.package_identification:_identify(inverse_resources) by extension 'ignore_ament_install'
[0.172s] Level 1:colcon.colcon_core.package_identification:_identify(inverse_resources) by extensions ['colcon_pkg']
[0.172s] Level 1:colcon.colcon_core.package_identification:_identify(inverse_resources) by extension 'colcon_pkg'
[0.172s] Level 1:colcon.colcon_core.package_identification:_identify(inverse_resources) by extensions ['colcon_meta']
[0.172s] Level 1:colcon.colcon_core.package_identification:_identify(inverse_resources) by extension 'colcon_meta'
[0.172s] Level 1:colcon.colcon_core.package_identification:_identify(inverse_resources) by extensions ['ros']
[0.172s] Level 1:colcon.colcon_core.package_identification:_identify(inverse_resources) by extension 'ros'
[0.172s] DEBUG:colcon.colcon_core.package_identification:Package 'inverse_resources' with type 'ros.ament_cmake' and name 'inverse_resources'
[0.172s] Level 1:colcon.colcon_core.package_identification:_identify(log) by extensions ['ignore', 'ignore_ament_install']
[0.172s] Level 1:colcon.colcon_core.package_identification:_identify(log) by extension 'ignore'
[0.172s] Level 1:colcon.colcon_core.package_identification:_identify(log) ignored
[0.172s] Level 1:colcon.colcon_core.package_identification:_identify(mdv_cpp_lib) by extensions ['ignore', 'ignore_ament_install']
[0.172s] Level 1:colcon.colcon_core.package_identification:_identify(mdv_cpp_lib) by extension 'ignore'
[0.172s] Level 1:colcon.colcon_core.package_identification:_identify(mdv_cpp_lib) by extension 'ignore_ament_install'
[0.172s] Level 1:colcon.colcon_core.package_identification:_identify(mdv_cpp_lib) by extensions ['colcon_pkg']
[0.172s] Level 1:colcon.colcon_core.package_identification:_identify(mdv_cpp_lib) by extension 'colcon_pkg'
[0.172s] Level 1:colcon.colcon_core.package_identification:_identify(mdv_cpp_lib) by extensions ['colcon_meta']
[0.172s] Level 1:colcon.colcon_core.package_identification:_identify(mdv_cpp_lib) by extension 'colcon_meta'
[0.172s] Level 1:colcon.colcon_core.package_identification:_identify(mdv_cpp_lib) by extensions ['ros']
[0.172s] Level 1:colcon.colcon_core.package_identification:_identify(mdv_cpp_lib) by extension 'ros'
[0.173s] DEBUG:colcon.colcon_core.package_identification:Package 'mdv_cpp_lib' with type 'ros.ament_cmake' and name 'mdvcpplib'
[0.173s] Level 1:colcon.colcon_core.package_identification:_identify(ros2_robotiq_gripper) by extensions ['ignore', 'ignore_ament_install']
[0.173s] Level 1:colcon.colcon_core.package_identification:_identify(ros2_robotiq_gripper) by extension 'ignore'
[0.173s] Level 1:colcon.colcon_core.package_identification:_identify(ros2_robotiq_gripper) by extension 'ignore_ament_install'
[0.173s] Level 1:colcon.colcon_core.package_identification:_identify(ros2_robotiq_gripper) by extensions ['colcon_pkg']
[0.173s] Level 1:colcon.colcon_core.package_identification:_identify(ros2_robotiq_gripper) by extension 'colcon_pkg'
[0.173s] Level 1:colcon.colcon_core.package_identification:_identify(ros2_robotiq_gripper) by extensions ['colcon_meta']
[0.173s] Level 1:colcon.colcon_core.package_identification:_identify(ros2_robotiq_gripper) by extension 'colcon_meta'
[0.173s] Level 1:colcon.colcon_core.package_identification:_identify(ros2_robotiq_gripper) by extensions ['ros']
[0.173s] Level 1:colcon.colcon_core.package_identification:_identify(ros2_robotiq_gripper) by extension 'ros'
[0.173s] Level 1:colcon.colcon_core.package_identification:_identify(ros2_robotiq_gripper) by extensions ['cmake', 'python']
[0.173s] Level 1:colcon.colcon_core.package_identification:_identify(ros2_robotiq_gripper) by extension 'cmake'
[0.173s] Level 1:colcon.colcon_core.package_identification:_identify(ros2_robotiq_gripper) by extension 'python'
[0.173s] Level 1:colcon.colcon_core.package_identification:_identify(ros2_robotiq_gripper) by extensions ['python_setup_py']
[0.173s] Level 1:colcon.colcon_core.package_identification:_identify(ros2_robotiq_gripper) by extension 'python_setup_py'
[0.173s] Level 1:colcon.colcon_core.package_identification:_identify(ros2_robotiq_gripper/robotiq_controllers) by extensions ['ignore', 'ignore_ament_install']
[0.173s] Level 1:colcon.colcon_core.package_identification:_identify(ros2_robotiq_gripper/robotiq_controllers) by extension 'ignore'
[0.173s] Level 1:colcon.colcon_core.package_identification:_identify(ros2_robotiq_gripper/robotiq_controllers) by extension 'ignore_ament_install'
[0.173s] Level 1:colcon.colcon_core.package_identification:_identify(ros2_robotiq_gripper/robotiq_controllers) by extensions ['colcon_pkg']
[0.173s] Level 1:colcon.colcon_core.package_identification:_identify(ros2_robotiq_gripper/robotiq_controllers) by extension 'colcon_pkg'
[0.173s] Level 1:colcon.colcon_core.package_identification:_identify(ros2_robotiq_gripper/robotiq_controllers) by extensions ['colcon_meta']
[0.173s] Level 1:colcon.colcon_core.package_identification:_identify(ros2_robotiq_gripper/robotiq_controllers) by extension 'colcon_meta'
[0.173s] Level 1:colcon.colcon_core.package_identification:_identify(ros2_robotiq_gripper/robotiq_controllers) by extensions ['ros']
[0.173s] Level 1:colcon.colcon_core.package_identification:_identify(ros2_robotiq_gripper/robotiq_controllers) by extension 'ros'
[0.173s] DEBUG:colcon.colcon_core.package_identification:Package 'ros2_robotiq_gripper/robotiq_controllers' with type 'ros.ament_cmake' and name 'robotiq_controllers'
[0.173s] Level 1:colcon.colcon_core.package_identification:_identify(ros2_robotiq_gripper/robotiq_description) by extensions ['ignore', 'ignore_ament_install']
[0.173s] Level 1:colcon.colcon_core.package_identification:_identify(ros2_robotiq_gripper/robotiq_description) by extension 'ignore'
[0.174s] Level 1:colcon.colcon_core.package_identification:_identify(ros2_robotiq_gripper/robotiq_description) by extension 'ignore_ament_install'
[0.174s] Level 1:colcon.colcon_core.package_identification:_identify(ros2_robotiq_gripper/robotiq_description) by extensions ['colcon_pkg']
[0.174s] Level 1:colcon.colcon_core.package_identification:_identify(ros2_robotiq_gripper/robotiq_description) by extension 'colcon_pkg'
[0.174s] Level 1:colcon.colcon_core.package_identification:_identify(ros2_robotiq_gripper/robotiq_description) by extensions ['colcon_meta']
[0.174s] Level 1:colcon.colcon_core.package_identification:_identify(ros2_robotiq_gripper/robotiq_description) by extension 'colcon_meta'
[0.174s] Level 1:colcon.colcon_core.package_identification:_identify(ros2_robotiq_gripper/robotiq_description) by extensions ['ros']
[0.174s] Level 1:colcon.colcon_core.package_identification:_identify(ros2_robotiq_gripper/robotiq_description) by extension 'ros'
[0.174s] DEBUG:colcon.colcon_core.package_identification:Package 'ros2_robotiq_gripper/robotiq_description' with type 'ros.ament_cmake' and name 'robotiq_description'
[0.174s] Level 1:colcon.colcon_core.package_identification:_identify(ros2_robotiq_gripper/robotiq_driver) by extensions ['ignore', 'ignore_ament_install']
[0.174s] Level 1:colcon.colcon_core.package_identification:_identify(ros2_robotiq_gripper/robotiq_driver) by extension 'ignore'
[0.174s] Level 1:colcon.colcon_core.package_identification:_identify(ros2_robotiq_gripper/robotiq_driver) by extension 'ignore_ament_install'
[0.174s] Level 1:colcon.colcon_core.package_identification:_identify(ros2_robotiq_gripper/robotiq_driver) by extensions ['colcon_pkg']
[0.174s] Level 1:colcon.colcon_core.package_identification:_identify(ros2_robotiq_gripper/robotiq_driver) by extension 'colcon_pkg'
[0.174s] Level 1:colcon.colcon_core.package_identification:_identify(ros2_robotiq_gripper/robotiq_driver) by extensions ['colcon_meta']
[0.174s] Level 1:colcon.colcon_core.package_identification:_identify(ros2_robotiq_gripper/robotiq_driver) by extension 'colcon_meta'
[0.174s] Level 1:colcon.colcon_core.package_identification:_identify(ros2_robotiq_gripper/robotiq_driver) by extensions ['ros']
[0.174s] Level 1:colcon.colcon_core.package_identification:_identify(ros2_robotiq_gripper/robotiq_driver) by extension 'ros'
[0.175s] DEBUG:colcon.colcon_core.package_identification:Package 'ros2_robotiq_gripper/robotiq_driver' with type 'ros.ament_cmake' and name 'robotiq_driver'
[0.175s] Level 1:colcon.colcon_core.package_identification:_identify(ros2_robotiq_gripper/robotiq_hardware_tests) by extensions ['ignore', 'ignore_ament_install']
[0.175s] Level 1:colcon.colcon_core.package_identification:_identify(ros2_robotiq_gripper/robotiq_hardware_tests) by extension 'ignore'
[0.175s] Level 1:colcon.colcon_core.package_identification:_identify(ros2_robotiq_gripper/robotiq_hardware_tests) by extension 'ignore_ament_install'
[0.175s] Level 1:colcon.colcon_core.package_identification:_identify(ros2_robotiq_gripper/robotiq_hardware_tests) by extensions ['colcon_pkg']
[0.175s] Level 1:colcon.colcon_core.package_identification:_identify(ros2_robotiq_gripper/robotiq_hardware_tests) by extension 'colcon_pkg'
[0.175s] Level 1:colcon.colcon_core.package_identification:_identify(ros2_robotiq_gripper/robotiq_hardware_tests) by extensions ['colcon_meta']
[0.175s] Level 1:colcon.colcon_core.package_identification:_identify(ros2_robotiq_gripper/robotiq_hardware_tests) by extension 'colcon_meta'
[0.175s] Level 1:colcon.colcon_core.package_identification:_identify(ros2_robotiq_gripper/robotiq_hardware_tests) by extensions ['ros']
[0.175s] Level 1:colcon.colcon_core.package_identification:_identify(ros2_robotiq_gripper/robotiq_hardware_tests) by extension 'ros'
[0.175s] DEBUG:colcon.colcon_core.package_identification:Package 'ros2_robotiq_gripper/robotiq_hardware_tests' with type 'ros.ament_cmake' and name 'robotiq_hardware_tests'
[0.175s] Level 1:colcon.colcon_core.package_identification:_identify(serial) by extensions ['ignore', 'ignore_ament_install']
[0.175s] Level 1:colcon.colcon_core.package_identification:_identify(serial) by extension 'ignore'
[0.175s] Level 1:colcon.colcon_core.package_identification:_identify(serial) by extension 'ignore_ament_install'
[0.175s] Level 1:colcon.colcon_core.package_identification:_identify(serial) by extensions ['colcon_pkg']
[0.175s] Level 1:colcon.colcon_core.package_identification:_identify(serial) by extension 'colcon_pkg'
[0.175s] Level 1:colcon.colcon_core.package_identification:_identify(serial) by extensions ['colcon_meta']
[0.175s] Level 1:colcon.colcon_core.package_identification:_identify(serial) by extension 'colcon_meta'
[0.175s] Level 1:colcon.colcon_core.package_identification:_identify(serial) by extensions ['ros']
[0.175s] Level 1:colcon.colcon_core.package_identification:_identify(serial) by extension 'ros'
[0.175s] DEBUG:colcon.colcon_core.package_identification:Package 'serial' with type 'ros.ament_cmake' and name 'serial'
[0.176s] Level 1:colcon.colcon_core.package_discovery:discover_packages(recursive) using defaults
[0.176s] Level 1:colcon.colcon_core.package_discovery:discover_packages(ignore) discover
[0.176s] Level 1:colcon.colcon_core.package_discovery:discover_packages(ignore) using defaults
[0.176s] Level 1:colcon.colcon_core.package_discovery:discover_packages(path) discover
[0.176s] Level 1:colcon.colcon_core.package_discovery:discover_packages(path) using defaults
[0.187s] INFO:colcon.colcon_core.package_selection:Skipping not selected package 'bota_signal_handler' in 'bota_ft_sensor_driver/bota_driver/bota_node/bota_signal_handler'
[0.187s] INFO:colcon.colcon_core.package_selection:Skipping not selected package 'bota_worker' in 'bota_ft_sensor_driver/bota_driver/bota_node/bota_worker'
[0.187s] INFO:colcon.colcon_core.package_selection:Skipping not selected package 'easy_handeye2_msgs' in 'inverse_calibration/easy_handeye2/easy_handeye2_msgs'
[0.188s] INFO:colcon.colcon_core.package_selection:Skipping not selected package 'easy_ur_control' in 'easy_ur_control'
[0.188s] INFO:colcon.colcon_core.package_selection:Skipping not selected package 'inverse_bringup' in 'inverse_bringup'
[0.188s] INFO:colcon.colcon_core.package_selection:Skipping not selected package 'inverse_msgs' in 'inverse_msgs'
[0.188s] INFO:colcon.colcon_core.package_selection:Skipping not selected package 'inverse_perception' in 'inverse_perception'
[0.188s] INFO:colcon.colcon_core.package_selection:Skipping not selected package 'inverse_resources' in 'inverse_resources'
[0.188s] INFO:colcon.colcon_core.package_selection:Skipping not selected package 'mdvcpplib' in 'mdv_cpp_lib'
[0.188s] INFO:colcon.colcon_core.package_selection:Skipping not selected package 'robotiq_controllers' in 'ros2_robotiq_gripper/robotiq_controllers'
[0.188s] INFO:colcon.colcon_core.package_selection:Skipping not selected package 'robotiq_description' in 'ros2_robotiq_gripper/robotiq_description'
[0.188s] INFO:colcon.colcon_core.package_selection:Skipping not selected package 'rokubimini' in 'bota_ft_sensor_driver/bota_driver/rokubimini'
[0.188s] INFO:colcon.colcon_core.package_selection:Skipping not selected package 'rokubimini_description' in 'bota_ft_sensor_driver/bota_driver/rokubimini_description'
[0.188s] INFO:colcon.colcon_core.package_selection:Skipping not selected package 'rokubimini_msgs' in 'bota_ft_sensor_driver/bota_driver/rokubimini_msgs'
[0.188s] INFO:colcon.colcon_core.package_selection:Skipping not selected package 'sensor_offset' in 'bota_ft_sensor_driver/sensor_offset'
[0.188s] INFO:colcon.colcon_core.package_selection:Skipping not selected package 'serial' in 'serial'
[0.188s] INFO:colcon.colcon_core.package_selection:Skipping not selected package 'soem' in 'bota_ft_sensor_driver/soem'
[0.188s] INFO:colcon.colcon_core.package_selection:Skipping not selected package 'bota_node' in 'bota_ft_sensor_driver/bota_driver/bota_node/bota_node'
[0.188s] INFO:colcon.colcon_core.package_selection:Skipping not selected package 'easy_handeye2' in 'inverse_calibration/easy_handeye2/easy_handeye2'
[0.188s] INFO:colcon.colcon_core.package_selection:Skipping not selected package 'inverse_motion_planner' in 'inverse_motion_planner'
[0.188s] INFO:colcon.colcon_core.package_selection:Skipping not selected package 'robotiq_driver' in 'ros2_robotiq_gripper/robotiq_driver'
[0.188s] INFO:colcon.colcon_core.package_selection:Skipping not selected package 'robotiq_hardware_tests' in 'ros2_robotiq_gripper/robotiq_hardware_tests'
[0.188s] INFO:colcon.colcon_core.package_selection:Skipping not selected package 'rokubimini_bus_manager' in 'bota_ft_sensor_driver/bota_driver/rokubimini_bus_manager'
[0.188s] INFO:colcon.colcon_core.package_selection:Skipping not selected package 'rokubimini_ethercat' in 'bota_ft_sensor_driver/bota_driver/rokubimini_ethercat'
[0.188s] INFO:colcon.colcon_core.package_selection:Skipping not selected package 'rokubimini_serial' in 'bota_ft_sensor_driver/bota_driver/rokubimini_serial'
[0.188s] INFO:colcon.colcon_core.package_selection:Skipping not selected package 'bota_driver' in 'bota_ft_sensor_driver/bota_driver/bota_driver'
[0.188s] INFO:colcon.colcon_core.package_selection:Skipping not selected package 'bota_driver_testing' in 'bota_ft_sensor_driver/bota_driver/bota_driver_testing'
[0.188s] Level 1:colcon.colcon_core.package_discovery:discover_packages(prefix_path) check parameters
[0.188s] Level 1:colcon.colcon_core.package_discovery:discover_packages(prefix_path) discover
[0.189s] DEBUG:colcon.colcon_installed_package_information.package_discovery:Found 28 installed packages in /home/leo/inverse_ws/install
[0.190s] DEBUG:colcon.colcon_installed_package_information.package_discovery:Found 6 installed packages in /home/leo/controller_ws/install
[0.190s] DEBUG:colcon.colcon_installed_package_information.package_discovery:Found 376 installed packages in /opt/ros/humble
[0.191s] Level 1:colcon.colcon_core.package_discovery:discover_packages(prefix_path) using defaults
[0.213s] Level 5:colcon.colcon_core.verb:set package 'inverse_orchestrator' build argument 'cmake_args' from command line to 'None'
[0.213s] Level 5:colcon.colcon_core.verb:set package 'inverse_orchestrator' build argument 'cmake_target' from command line to 'None'
[0.213s] Level 5:colcon.colcon_core.verb:set package 'inverse_orchestrator' build argument 'cmake_target_skip_unavailable' from command line to 'False'
[0.213s] Level 5:colcon.colcon_core.verb:set package 'inverse_orchestrator' build argument 'cmake_clean_cache' from command line to 'False'
[0.213s] Level 5:colcon.colcon_core.verb:set package 'inverse_orchestrator' build argument 'cmake_clean_first' from command line to 'False'
[0.213s] Level 5:colcon.colcon_core.verb:set package 'inverse_orchestrator' build argument 'cmake_force_configure' from command line to 'False'
[0.213s] Level 5:colcon.colcon_core.verb:set package 'inverse_orchestrator' build argument 'ament_cmake_args' from command line to 'None'
[0.213s] Level 5:colcon.colcon_core.verb:set package 'inverse_orchestrator' build argument 'catkin_cmake_args' from command line to 'None'
[0.213s] Level 5:colcon.colcon_core.verb:set package 'inverse_orchestrator' build argument 'catkin_skip_building_tests' from command line to 'False'
[0.213s] DEBUG:colcon.colcon_core.verb:Building package 'inverse_orchestrator' with the following arguments: {'ament_cmake_args': None, 'build_base': '/home/leo/inverse_ws/src/inverse-demo/build/inverse_orchestrator', 'catkin_cmake_args': None, 'catkin_skip_building_tests': False, 'cmake_args': None, 'cmake_clean_cache': False, 'cmake_clean_first': False, 'cmake_force_configure': False, 'cmake_target': None, 'cmake_target_skip_unavailable': False, 'install_base': '/home/leo/inverse_ws/src/inverse-demo/install/inverse_orchestrator', 'merge_install': False, 'path': '/home/leo/inverse_ws/src/inverse-demo/inverse_orchestrator', 'symlink_install': False, 'test_result_base': None}
[0.213s] INFO:colcon.colcon_core.executor:Executing jobs using 'parallel' executor
[0.214s] DEBUG:colcon.colcon_parallel_executor.executor.parallel:run_until_complete
[0.214s] INFO:colcon.colcon_ros.task.ament_python.build:Building ROS package in '/home/leo/inverse_ws/src/inverse-demo/inverse_orchestrator' with build type 'ament_python'
[0.214s] Level 1:colcon.colcon_core.shell:create_environment_hook('inverse_orchestrator', 'ament_prefix_path')
[0.215s] INFO:colcon.colcon_core.plugin_system:Skipping extension 'colcon_core.shell.bat': Not used on non-Windows systems
[0.215s] INFO:colcon.colcon_core.shell:Creating environment hook '/home/leo/inverse_ws/src/inverse-demo/install/inverse_orchestrator/share/inverse_orchestrator/hook/ament_prefix_path.ps1'
[0.216s] INFO:colcon.colcon_core.shell:Creating environment descriptor '/home/leo/inverse_ws/src/inverse-demo/install/inverse_orchestrator/share/inverse_orchestrator/hook/ament_prefix_path.dsv'
[0.216s] INFO:colcon.colcon_core.shell:Creating environment hook '/home/leo/inverse_ws/src/inverse-demo/install/inverse_orchestrator/share/inverse_orchestrator/hook/ament_prefix_path.sh'
[0.216s] INFO:colcon.colcon_core.shell:Skip shell extension 'powershell' for command environment: Not usable outside of PowerShell
[0.216s] DEBUG:colcon.colcon_core.shell:Skip shell extension 'dsv' for command environment
[0.218s] WARNING:colcon.colcon_core.shell:The following packages are in the workspace but haven't been built:
- inverse_msgs
They are being used from the following locations instead:
- /home/leo/inverse_ws/install/inverse_msgs
To suppress this warning ignore these packages in the workspace:
--packages-ignore inverse_msgs
[0.415s] INFO:colcon.colcon_core.task.python.build:Building Python package in '/home/leo/inverse_ws/src/inverse-demo/inverse_orchestrator'
[0.415s] INFO:colcon.colcon_core.shell:Skip shell extension 'powershell' for command environment: Not usable outside of PowerShell
[0.415s] DEBUG:colcon.colcon_core.shell:Skip shell extension 'dsv' for command environment
[0.655s] DEBUG:colcon.colcon_core.event_handler.log_command:Invoking command in '/home/leo/inverse_ws/src/inverse-demo/inverse_orchestrator': PYTHONPATH=/home/leo/inverse_ws/src/inverse-demo/build/inverse_orchestrator/prefix_override:/usr/lib/python3/dist-packages/colcon_core/task/python/colcon_distutils_commands:/home/leo/inverse_ws/src/inverse-demo/install/inverse_orchestrator/lib/python3.10/site-packages:${PYTHONPATH} /usr/bin/python3 -W ignore:setup.py install is deprecated -W ignore:easy_install command is deprecated setup.py egg_info --egg-base ../build/inverse_orchestrator build --build-base /home/leo/inverse_ws/src/inverse-demo/build/inverse_orchestrator/build install --record /home/leo/inverse_ws/src/inverse-demo/build/inverse_orchestrator/install.log --single-version-externally-managed install_data
[0.904s] DEBUG:colcon.colcon_core.event_handler.log_command:Invoked command in '/home/leo/inverse_ws/src/inverse-demo/inverse_orchestrator' returned '0': PYTHONPATH=/home/leo/inverse_ws/src/inverse-demo/build/inverse_orchestrator/prefix_override:/usr/lib/python3/dist-packages/colcon_core/task/python/colcon_distutils_commands:/home/leo/inverse_ws/src/inverse-demo/install/inverse_orchestrator/lib/python3.10/site-packages:${PYTHONPATH} /usr/bin/python3 -W ignore:setup.py install is deprecated -W ignore:easy_install command is deprecated setup.py egg_info --egg-base ../build/inverse_orchestrator build --build-base /home/leo/inverse_ws/src/inverse-demo/build/inverse_orchestrator/build install --record /home/leo/inverse_ws/src/inverse-demo/build/inverse_orchestrator/install.log --single-version-externally-managed install_data
[0.906s] Level 1:colcon.colcon_core.environment:checking '/home/leo/inverse_ws/src/inverse-demo/install/inverse_orchestrator' for CMake module files
[0.906s] Level 1:colcon.colcon_core.environment:checking '/home/leo/inverse_ws/src/inverse-demo/install/inverse_orchestrator' for CMake config files
[0.907s] Level 1:colcon.colcon_core.environment:checking '/home/leo/inverse_ws/src/inverse-demo/install/inverse_orchestrator/lib'
[0.907s] Level 1:colcon.colcon_core.environment:checking '/home/leo/inverse_ws/src/inverse-demo/install/inverse_orchestrator/bin'
[0.907s] Level 1:colcon.colcon_core.environment:checking '/home/leo/inverse_ws/src/inverse-demo/install/inverse_orchestrator/lib/pkgconfig/inverse_orchestrator.pc'
[0.907s] Level 1:colcon.colcon_core.environment:checking '/home/leo/inverse_ws/src/inverse-demo/install/inverse_orchestrator/lib/python3.10/site-packages'
[0.907s] Level 1:colcon.colcon_core.shell:create_environment_hook('inverse_orchestrator', 'pythonpath')
[0.907s] INFO:colcon.colcon_core.shell:Creating environment hook '/home/leo/inverse_ws/src/inverse-demo/install/inverse_orchestrator/share/inverse_orchestrator/hook/pythonpath.ps1'
[0.908s] INFO:colcon.colcon_core.shell:Creating environment descriptor '/home/leo/inverse_ws/src/inverse-demo/install/inverse_orchestrator/share/inverse_orchestrator/hook/pythonpath.dsv'
[0.908s] INFO:colcon.colcon_core.shell:Creating environment hook '/home/leo/inverse_ws/src/inverse-demo/install/inverse_orchestrator/share/inverse_orchestrator/hook/pythonpath.sh'
[0.909s] Level 1:colcon.colcon_core.environment:checking '/home/leo/inverse_ws/src/inverse-demo/install/inverse_orchestrator/bin'
[0.909s] Level 1:colcon.colcon_core.environment:create_environment_scripts_only(inverse_orchestrator)
[0.909s] INFO:colcon.colcon_core.shell:Creating package script '/home/leo/inverse_ws/src/inverse-demo/install/inverse_orchestrator/share/inverse_orchestrator/package.ps1'
[0.909s] INFO:colcon.colcon_core.shell:Creating package descriptor '/home/leo/inverse_ws/src/inverse-demo/install/inverse_orchestrator/share/inverse_orchestrator/package.dsv'
[0.910s] INFO:colcon.colcon_core.shell:Creating package script '/home/leo/inverse_ws/src/inverse-demo/install/inverse_orchestrator/share/inverse_orchestrator/package.sh'
[0.911s] INFO:colcon.colcon_core.shell:Creating package script '/home/leo/inverse_ws/src/inverse-demo/install/inverse_orchestrator/share/inverse_orchestrator/package.bash'
[0.911s] INFO:colcon.colcon_core.shell:Creating package script '/home/leo/inverse_ws/src/inverse-demo/install/inverse_orchestrator/share/inverse_orchestrator/package.zsh'
[0.912s] Level 1:colcon.colcon_core.environment:create_file_with_runtime_dependencies(/home/leo/inverse_ws/src/inverse-demo/install/inverse_orchestrator/share/colcon-core/packages/inverse_orchestrator)
[0.912s] DEBUG:colcon.colcon_parallel_executor.executor.parallel:closing loop
[0.913s] DEBUG:colcon.colcon_parallel_executor.executor.parallel:loop closed
[0.913s] DEBUG:colcon.colcon_parallel_executor.executor.parallel:run_until_complete finished with '0'
[0.913s] DEBUG:colcon.colcon_core.event_reactor:joining thread
[0.918s] INFO:colcon.colcon_core.plugin_system:Skipping extension 'colcon_notification.desktop_notification.terminal_notifier': Not used on non-Darwin systems
[0.918s] INFO:colcon.colcon_core.plugin_system:Skipping extension 'colcon_notification.desktop_notification.win32': Not used on non-Windows systems
[0.918s] INFO:colcon.colcon_notification.desktop_notification:Sending desktop notification using 'notify2'
[0.944s] DEBUG:colcon.colcon_core.event_reactor:joined thread
[0.945s] INFO:colcon.colcon_core.shell:Creating prefix script '/home/leo/inverse_ws/src/inverse-demo/install/local_setup.ps1'
[0.948s] INFO:colcon.colcon_core.shell:Creating prefix util module '/home/leo/inverse_ws/src/inverse-demo/install/_local_setup_util_ps1.py'
[0.953s] INFO:colcon.colcon_core.shell:Creating prefix chain script '/home/leo/inverse_ws/src/inverse-demo/install/setup.ps1'
[0.959s] INFO:colcon.colcon_core.shell:Creating prefix script '/home/leo/inverse_ws/src/inverse-demo/install/local_setup.sh'
[0.960s] INFO:colcon.colcon_core.shell:Creating prefix util module '/home/leo/inverse_ws/src/inverse-demo/install/_local_setup_util_sh.py'
[0.961s] INFO:colcon.colcon_core.shell:Creating prefix chain script '/home/leo/inverse_ws/src/inverse-demo/install/setup.sh'
[0.966s] INFO:colcon.colcon_core.shell:Creating prefix script '/home/leo/inverse_ws/src/inverse-demo/install/local_setup.bash'
[0.968s] INFO:colcon.colcon_core.shell:Creating prefix chain script '/home/leo/inverse_ws/src/inverse-demo/install/setup.bash'
[0.972s] INFO:colcon.colcon_core.shell:Creating prefix script '/home/leo/inverse_ws/src/inverse-demo/install/local_setup.zsh'
[0.973s] INFO:colcon.colcon_core.shell:Creating prefix chain script '/home/leo/inverse_ws/src/inverse-demo/install/setup.zsh'
