running egg_info
creating ../build/inverse_orchestrator/inverse_orchestrator.egg-info
writing ../build/inverse_orchestrator/inverse_orchestrator.egg-info/PKG-INFO
writing dependency_links to ../build/inverse_orchestrator/inverse_orchestrator.egg-info/dependency_links.txt
writing entry points to ../build/inverse_orchestrator/inverse_orchestrator.egg-info/entry_points.txt
writing requirements to ../build/inverse_orchestrator/inverse_orchestrator.egg-info/requires.txt
writing top-level names to ../build/inverse_orchestrator/inverse_orchestrator.egg-info/top_level.txt
writing manifest file '../build/inverse_orchestrator/inverse_orchestrator.egg-info/SOURCES.txt'
reading manifest file '../build/inverse_orchestrator/inverse_orchestrator.egg-info/SOURCES.txt'
writing manifest file '../build/inverse_orchestrator/inverse_orchestrator.egg-info/SOURCES.txt'
running build
running build_py
creating /home/leo/inverse_ws/src/inverse-demo/build/inverse_orchestrator/build
creating /home/leo/inverse_ws/src/inverse-demo/build/inverse_orchestrator/build/lib
creating /home/leo/inverse_ws/src/inverse-demo/build/inverse_orchestrator/build/lib/inverse_orchestrator
copying inverse_orchestrator/orchestrator.py -> /home/leo/inverse_ws/src/inverse-demo/build/inverse_orchestrator/build/lib/inverse_orchestrator
copying inverse_orchestrator/smpl_model.py -> /home/leo/inverse_ws/src/inverse-demo/build/inverse_orchestrator/build/lib/inverse_orchestrator
copying inverse_orchestrator/reach_position.py -> /home/leo/inverse_ws/src/inverse-demo/build/inverse_orchestrator/build/lib/inverse_orchestrator
copying inverse_orchestrator/utils.py -> /home/leo/inverse_ws/src/inverse-demo/build/inverse_orchestrator/build/lib/inverse_orchestrator
copying inverse_orchestrator/ur_gripper_controller.py -> /home/leo/inverse_ws/src/inverse-demo/build/inverse_orchestrator/build/lib/inverse_orchestrator
copying inverse_orchestrator/__init__.py -> /home/leo/inverse_ws/src/inverse-demo/build/inverse_orchestrator/build/lib/inverse_orchestrator
copying inverse_orchestrator/skill_executor.py -> /home/leo/inverse_ws/src/inverse-demo/build/inverse_orchestrator/build/lib/inverse_orchestrator
copying inverse_orchestrator/gripper_controller.py -> /home/leo/inverse_ws/src/inverse-demo/build/inverse_orchestrator/build/lib/inverse_orchestrator
creating /home/leo/inverse_ws/src/inverse-demo/build/inverse_orchestrator/build/lib/inverse_orchestrator/tests
copying inverse_orchestrator/tests/__init__.py -> /home/leo/inverse_ws/src/inverse-demo/build/inverse_orchestrator/build/lib/inverse_orchestrator/tests
copying inverse_orchestrator/tests/gripper_test.py -> /home/leo/inverse_ws/src/inverse-demo/build/inverse_orchestrator/build/lib/inverse_orchestrator/tests
copying inverse_orchestrator/tests/move_relative_test.py -> /home/leo/inverse_ws/src/inverse-demo/build/inverse_orchestrator/build/lib/inverse_orchestrator/tests
copying inverse_orchestrator/tests/learn_skill_test.py -> /home/leo/inverse_ws/src/inverse-demo/build/inverse_orchestrator/build/lib/inverse_orchestrator/tests
copying inverse_orchestrator/tests/execute_skill_test.py -> /home/leo/inverse_ws/src/inverse-demo/build/inverse_orchestrator/build/lib/inverse_orchestrator/tests
running install
running install_lib
creating /home/leo/inverse_ws/src/inverse-demo/install/inverse_orchestrator/lib/python3.10/site-packages/inverse_orchestrator
copying /home/leo/inverse_ws/src/inverse-demo/build/inverse_orchestrator/build/lib/inverse_orchestrator/orchestrator.py -> /home/leo/inverse_ws/src/inverse-demo/install/inverse_orchestrator/lib/python3.10/site-packages/inverse_orchestrator
copying /home/leo/inverse_ws/src/inverse-demo/build/inverse_orchestrator/build/lib/inverse_orchestrator/smpl_model.py -> /home/leo/inverse_ws/src/inverse-demo/install/inverse_orchestrator/lib/python3.10/site-packages/inverse_orchestrator
copying /home/leo/inverse_ws/src/inverse-demo/build/inverse_orchestrator/build/lib/inverse_orchestrator/reach_position.py -> /home/leo/inverse_ws/src/inverse-demo/install/inverse_orchestrator/lib/python3.10/site-packages/inverse_orchestrator
copying /home/leo/inverse_ws/src/inverse-demo/build/inverse_orchestrator/build/lib/inverse_orchestrator/utils.py -> /home/leo/inverse_ws/src/inverse-demo/install/inverse_orchestrator/lib/python3.10/site-packages/inverse_orchestrator
copying /home/leo/inverse_ws/src/inverse-demo/build/inverse_orchestrator/build/lib/inverse_orchestrator/ur_gripper_controller.py -> /home/leo/inverse_ws/src/inverse-demo/install/inverse_orchestrator/lib/python3.10/site-packages/inverse_orchestrator
copying /home/leo/inverse_ws/src/inverse-demo/build/inverse_orchestrator/build/lib/inverse_orchestrator/__init__.py -> /home/leo/inverse_ws/src/inverse-demo/install/inverse_orchestrator/lib/python3.10/site-packages/inverse_orchestrator
creating /home/leo/inverse_ws/src/inverse-demo/install/inverse_orchestrator/lib/python3.10/site-packages/inverse_orchestrator/tests
copying /home/leo/inverse_ws/src/inverse-demo/build/inverse_orchestrator/build/lib/inverse_orchestrator/tests/__init__.py -> /home/leo/inverse_ws/src/inverse-demo/install/inverse_orchestrator/lib/python3.10/site-packages/inverse_orchestrator/tests
copying /home/leo/inverse_ws/src/inverse-demo/build/inverse_orchestrator/build/lib/inverse_orchestrator/tests/gripper_test.py -> /home/leo/inverse_ws/src/inverse-demo/install/inverse_orchestrator/lib/python3.10/site-packages/inverse_orchestrator/tests
copying /home/leo/inverse_ws/src/inverse-demo/build/inverse_orchestrator/build/lib/inverse_orchestrator/tests/move_relative_test.py -> /home/leo/inverse_ws/src/inverse-demo/install/inverse_orchestrator/lib/python3.10/site-packages/inverse_orchestrator/tests
copying /home/leo/inverse_ws/src/inverse-demo/build/inverse_orchestrator/build/lib/inverse_orchestrator/tests/learn_skill_test.py -> /home/leo/inverse_ws/src/inverse-demo/install/inverse_orchestrator/lib/python3.10/site-packages/inverse_orchestrator/tests
copying /home/leo/inverse_ws/src/inverse-demo/build/inverse_orchestrator/build/lib/inverse_orchestrator/tests/execute_skill_test.py -> /home/leo/inverse_ws/src/inverse-demo/install/inverse_orchestrator/lib/python3.10/site-packages/inverse_orchestrator/tests
copying /home/leo/inverse_ws/src/inverse-demo/build/inverse_orchestrator/build/lib/inverse_orchestrator/skill_executor.py -> /home/leo/inverse_ws/src/inverse-demo/install/inverse_orchestrator/lib/python3.10/site-packages/inverse_orchestrator
copying /home/leo/inverse_ws/src/inverse-demo/build/inverse_orchestrator/build/lib/inverse_orchestrator/gripper_controller.py -> /home/leo/inverse_ws/src/inverse-demo/install/inverse_orchestrator/lib/python3.10/site-packages/inverse_orchestrator
byte-compiling /home/leo/inverse_ws/src/inverse-demo/install/inverse_orchestrator/lib/python3.10/site-packages/inverse_orchestrator/orchestrator.py to orchestrator.cpython-310.pyc
byte-compiling /home/leo/inverse_ws/src/inverse-demo/install/inverse_orchestrator/lib/python3.10/site-packages/inverse_orchestrator/smpl_model.py to smpl_model.cpython-310.pyc
byte-compiling /home/leo/inverse_ws/src/inverse-demo/install/inverse_orchestrator/lib/python3.10/site-packages/inverse_orchestrator/reach_position.py to reach_position.cpython-310.pyc
byte-compiling /home/leo/inverse_ws/src/inverse-demo/install/inverse_orchestrator/lib/python3.10/site-packages/inverse_orchestrator/utils.py to utils.cpython-310.pyc
byte-compiling /home/leo/inverse_ws/src/inverse-demo/install/inverse_orchestrator/lib/python3.10/site-packages/inverse_orchestrator/ur_gripper_controller.py to ur_gripper_controller.cpython-310.pyc
byte-compiling /home/leo/inverse_ws/src/inverse-demo/install/inverse_orchestrator/lib/python3.10/site-packages/inverse_orchestrator/__init__.py to __init__.cpython-310.pyc
byte-compiling /home/leo/inverse_ws/src/inverse-demo/install/inverse_orchestrator/lib/python3.10/site-packages/inverse_orchestrator/tests/__init__.py to __init__.cpython-310.pyc
byte-compiling /home/leo/inverse_ws/src/inverse-demo/install/inverse_orchestrator/lib/python3.10/site-packages/inverse_orchestrator/tests/gripper_test.py to gripper_test.cpython-310.pyc
byte-compiling /home/leo/inverse_ws/src/inverse-demo/install/inverse_orchestrator/lib/python3.10/site-packages/inverse_orchestrator/tests/move_relative_test.py to move_relative_test.cpython-310.pyc
byte-compiling /home/leo/inverse_ws/src/inverse-demo/install/inverse_orchestrator/lib/python3.10/site-packages/inverse_orchestrator/tests/learn_skill_test.py to learn_skill_test.cpython-310.pyc
byte-compiling /home/leo/inverse_ws/src/inverse-demo/install/inverse_orchestrator/lib/python3.10/site-packages/inverse_orchestrator/tests/execute_skill_test.py to execute_skill_test.cpython-310.pyc
byte-compiling /home/leo/inverse_ws/src/inverse-demo/install/inverse_orchestrator/lib/python3.10/site-packages/inverse_orchestrator/skill_executor.py to skill_executor.cpython-310.pyc
byte-compiling /home/leo/inverse_ws/src/inverse-demo/install/inverse_orchestrator/lib/python3.10/site-packages/inverse_orchestrator/gripper_controller.py to gripper_controller.cpython-310.pyc
running install_data
creating /home/leo/inverse_ws/src/inverse-demo/install/inverse_orchestrator/share/ament_index
creating /home/leo/inverse_ws/src/inverse-demo/install/inverse_orchestrator/share/ament_index/resource_index
creating /home/leo/inverse_ws/src/inverse-demo/install/inverse_orchestrator/share/ament_index/resource_index/packages
copying resource/inverse_orchestrator -> /home/leo/inverse_ws/src/inverse-demo/install/inverse_orchestrator/share/ament_index/resource_index/packages
copying package.xml -> /home/leo/inverse_ws/src/inverse-demo/install/inverse_orchestrator/share/inverse_orchestrator
running install_egg_info
Copying ../build/inverse_orchestrator/inverse_orchestrator.egg-info to /home/leo/inverse_ws/src/inverse-demo/install/inverse_orchestrator/lib/python3.10/site-packages/inverse_orchestrator-0.0.0-py3.10.egg-info
running install_scripts
Installing execute_skill_test script to /home/leo/inverse_ws/src/inverse-demo/install/inverse_orchestrator/lib/inverse_orchestrator
Installing gripper_test script to /home/leo/inverse_ws/src/inverse-demo/install/inverse_orchestrator/lib/inverse_orchestrator
Installing learn_skill_test script to /home/leo/inverse_ws/src/inverse-demo/install/inverse_orchestrator/lib/inverse_orchestrator
Installing move_relative_test script to /home/leo/inverse_ws/src/inverse-demo/install/inverse_orchestrator/lib/inverse_orchestrator
Installing orchestrator script to /home/leo/inverse_ws/src/inverse-demo/install/inverse_orchestrator/lib/inverse_orchestrator
writing list of installed files to '/home/leo/inverse_ws/src/inverse-demo/build/inverse_orchestrator/install.log'
