/home/leo/inverse_ws/src/inverse-demo/install/inverse_orchestrator/lib/python3.10/site-packages/inverse_orchestrator/orchestrator.py
/home/leo/inverse_ws/src/inverse-demo/install/inverse_orchestrator/lib/python3.10/site-packages/inverse_orchestrator/smpl_model.py
/home/leo/inverse_ws/src/inverse-demo/install/inverse_orchestrator/lib/python3.10/site-packages/inverse_orchestrator/reach_position.py
/home/leo/inverse_ws/src/inverse-demo/install/inverse_orchestrator/lib/python3.10/site-packages/inverse_orchestrator/utils.py
/home/leo/inverse_ws/src/inverse-demo/install/inverse_orchestrator/lib/python3.10/site-packages/inverse_orchestrator/ur_gripper_controller.py
/home/leo/inverse_ws/src/inverse-demo/install/inverse_orchestrator/lib/python3.10/site-packages/inverse_orchestrator/__init__.py
/home/leo/inverse_ws/src/inverse-demo/install/inverse_orchestrator/lib/python3.10/site-packages/inverse_orchestrator/skill_executor.py
/home/leo/inverse_ws/src/inverse-demo/install/inverse_orchestrator/lib/python3.10/site-packages/inverse_orchestrator/gripper_controller.py
/home/leo/inverse_ws/src/inverse-demo/install/inverse_orchestrator/lib/python3.10/site-packages/inverse_orchestrator/tests/__init__.py
/home/leo/inverse_ws/src/inverse-demo/install/inverse_orchestrator/lib/python3.10/site-packages/inverse_orchestrator/tests/gripper_test.py
/home/leo/inverse_ws/src/inverse-demo/install/inverse_orchestrator/lib/python3.10/site-packages/inverse_orchestrator/tests/move_relative_test.py
/home/leo/inverse_ws/src/inverse-demo/install/inverse_orchestrator/lib/python3.10/site-packages/inverse_orchestrator/tests/learn_skill_test.py
/home/leo/inverse_ws/src/inverse-demo/install/inverse_orchestrator/lib/python3.10/site-packages/inverse_orchestrator/tests/execute_skill_test.py
/home/leo/inverse_ws/src/inverse-demo/install/inverse_orchestrator/lib/python3.10/site-packages/inverse_orchestrator/__pycache__/orchestrator.cpython-310.pyc
/home/leo/inverse_ws/src/inverse-demo/install/inverse_orchestrator/lib/python3.10/site-packages/inverse_orchestrator/__pycache__/smpl_model.cpython-310.pyc
/home/leo/inverse_ws/src/inverse-demo/install/inverse_orchestrator/lib/python3.10/site-packages/inverse_orchestrator/__pycache__/reach_position.cpython-310.pyc
/home/leo/inverse_ws/src/inverse-demo/install/inverse_orchestrator/lib/python3.10/site-packages/inverse_orchestrator/__pycache__/utils.cpython-310.pyc
/home/leo/inverse_ws/src/inverse-demo/install/inverse_orchestrator/lib/python3.10/site-packages/inverse_orchestrator/__pycache__/ur_gripper_controller.cpython-310.pyc
/home/leo/inverse_ws/src/inverse-demo/install/inverse_orchestrator/lib/python3.10/site-packages/inverse_orchestrator/__pycache__/__init__.cpython-310.pyc
/home/leo/inverse_ws/src/inverse-demo/install/inverse_orchestrator/lib/python3.10/site-packages/inverse_orchestrator/__pycache__/skill_executor.cpython-310.pyc
/home/leo/inverse_ws/src/inverse-demo/install/inverse_orchestrator/lib/python3.10/site-packages/inverse_orchestrator/__pycache__/gripper_controller.cpython-310.pyc
/home/leo/inverse_ws/src/inverse-demo/install/inverse_orchestrator/lib/python3.10/site-packages/inverse_orchestrator/tests/__pycache__/__init__.cpython-310.pyc
/home/leo/inverse_ws/src/inverse-demo/install/inverse_orchestrator/lib/python3.10/site-packages/inverse_orchestrator/tests/__pycache__/gripper_test.cpython-310.pyc
/home/leo/inverse_ws/src/inverse-demo/install/inverse_orchestrator/lib/python3.10/site-packages/inverse_orchestrator/tests/__pycache__/move_relative_test.cpython-310.pyc
/home/leo/inverse_ws/src/inverse-demo/install/inverse_orchestrator/lib/python3.10/site-packages/inverse_orchestrator/tests/__pycache__/learn_skill_test.cpython-310.pyc
/home/leo/inverse_ws/src/inverse-demo/install/inverse_orchestrator/lib/python3.10/site-packages/inverse_orchestrator/tests/__pycache__/execute_skill_test.cpython-310.pyc
/home/leo/inverse_ws/src/inverse-demo/install/inverse_orchestrator/share/ament_index/resource_index/packages/inverse_orchestrator
/home/leo/inverse_ws/src/inverse-demo/install/inverse_orchestrator/share/inverse_orchestrator/package.xml
/home/leo/inverse_ws/src/inverse-demo/install/inverse_orchestrator/lib/python3.10/site-packages/inverse_orchestrator-0.0.0-py3.10.egg-info/PKG-INFO
/home/leo/inverse_ws/src/inverse-demo/install/inverse_orchestrator/lib/python3.10/site-packages/inverse_orchestrator-0.0.0-py3.10.egg-info/requires.txt
/home/leo/inverse_ws/src/inverse-demo/install/inverse_orchestrator/lib/python3.10/site-packages/inverse_orchestrator-0.0.0-py3.10.egg-info/zip-safe
/home/leo/inverse_ws/src/inverse-demo/install/inverse_orchestrator/lib/python3.10/site-packages/inverse_orchestrator-0.0.0-py3.10.egg-info/SOURCES.txt
/home/leo/inverse_ws/src/inverse-demo/install/inverse_orchestrator/lib/python3.10/site-packages/inverse_orchestrator-0.0.0-py3.10.egg-info/top_level.txt
/home/leo/inverse_ws/src/inverse-demo/install/inverse_orchestrator/lib/python3.10/site-packages/inverse_orchestrator-0.0.0-py3.10.egg-info/entry_points.txt
/home/leo/inverse_ws/src/inverse-demo/install/inverse_orchestrator/lib/python3.10/site-packages/inverse_orchestrator-0.0.0-py3.10.egg-info/dependency_links.txt
/home/leo/inverse_ws/src/inverse-demo/install/inverse_orchestrator/lib/inverse_orchestrator/execute_skill_test
/home/leo/inverse_ws/src/inverse-demo/install/inverse_orchestrator/lib/inverse_orchestrator/gripper_test
/home/leo/inverse_ws/src/inverse-demo/install/inverse_orchestrator/lib/inverse_orchestrator/learn_skill_test
/home/leo/inverse_ws/src/inverse-demo/install/inverse_orchestrator/lib/inverse_orchestrator/move_relative_test
/home/leo/inverse_ws/src/inverse-demo/install/inverse_orchestrator/lib/inverse_orchestrator/orchestrator
